resolver[RES0040]: MODULE_E_LIFETIME_TOO_SHORT
fixture: tests/diagnostics/catalog/sources/resolver/RES0040.vit
span: tests/diagnostics/catalog/sources/resolver/RES0040.vit:1:1
notes: catalog diagnostic carries contextual notes
suggestions: catalog diagnostic carries correction guidance
no_parasitic_diagnostics: true
stable_order: true
recovery: true
asserts: code, title, span, notes, suggestions, no_parasitic_diagnostics, stable_order, recovery
status: complete
