assertions:
  - code is stable
  - title is present
  - primary span points at the missing delimiter or statement terminator
  - notes explain the parser recovery root
  - suggestions use canonical Vitte syntax
  - no unrelated typeck diagnostic appears before parser recovery
  - order is stable by file and span
  - parser recovery continues after the first root error
