parser[PAR0073]: SYNTAX_E_INVALID_DEREF
fixture: tests/diagnostics/catalog/sources/parser/PAR0073.vit
span: tests/diagnostics/catalog/sources/parser/PAR0073.vit:1:1
notes: catalog diagnostic carries contextual notes
suggestions: catalog diagnostic carries correction guidance
no_parasitic_diagnostics: true
stable_order: true
recovery: true
asserts: code, title, span, notes, suggestions, no_parasitic_diagnostics, stable_order, recovery
status: complete
