assertions:
  - code identifies the missing comma
  - title is present
  - primary span points at the field boundary
  - notes explain the active form field list
  - suggestions insert a comma using canonical Vitte syntax
  - suggested correction recompiles the local declaration
  - order is stable
  - no duplicate diagnostic is emitted at the same span
