{
  "schema": "vitte.bench.v1",
  "suite": "bench",
  "timestamp_ms": 1700000000000,
  "seed": 123,
  "threads": 1,
  "repeat": 3,
  "warmup": 1,
  "iters": 7,
  "calibrate_ms": 50,
  "cpu": {"requested": 2, "pinned": 1},
  "results": [
    {
      "name": "demo/escape \" \\\\ \n",
      "status": "ok",
      "iterations": 1000,
      "elapsed_ms": 12.345678,
      "ns_per_op": 1.234568,
      "bytes_per_sec": 0.000000,
      "items_per_sec": 42.000000,
      "ns_per_op_stats": {
        "median": 1.000000,
        "p95": 2.000000,
        "mad": 0.500000,
        "iqr": 0.250000,
        "ci95_low": 0.900000,
        "ci95_high": 1.100000
      },
      "runner": {"iters_per_call": 4, "calls_per_sample": 5, "target_time_ms": 6},
      "cpu_telemetry": {"cycles_per_sec_min": 0.000000, "cycles_per_sec_max": 3000000000.000000, "throttling_suspected": false},
      "samples_ns_per_op": [1.000000, 0.000000, 2.500000],
      "error": null
    }
  ]
}

