{
  "cases": {
    "invalid/duplicate_binding.vit": [
      {
        "code": "SEM0011",
        "labels": [
          "value"
        ],
        "message": "duplicate binding `value` in the same scope",
        "notes": [
          "sema phase: symbol_collection"
        ],
        "phase": "symbol_collection",
        "severity": "error",
        "span": "3:7",
        "suggestions": [
          "rename or remove one binding"
        ]
      }
    ],
    "invalid/import_cycle.vit": [
      {
        "code": "RES0065",
        "labels": [
          "import_cycle appears here for `demo/cycle_a`"
        ],
        "message": "import cycle reaches module `demo/cycle_a`",
        "notes": [
          "resolution failure kind: import_cycle"
        ],
        "phase": "module_resolution",
        "severity": "error",
        "span": "2:5",
        "suggestions": [
          "break the cycle by moving shared declarations into a lower-level module"
        ]
      }
    ],
    "invalid/missing_module.vit": [
      {
        "code": "MOD_E_MODULE_NOT_FOUND",
        "labels": [
          "tested paths: ./demo/missing.vit, src/demo/missing/mod.vit"
        ],
        "message": "module `demo/missing` not found",
        "notes": [
          "requested by module `demo/app`"
        ],
        "phase": "module_resolution",
        "severity": "error",
        "span": "2:5",
        "suggestions": [
          "check the module path or add the missing module to the source set"
        ]
      }
    ],
    "invalid/private_access.vit": [
      {
        "code": "RES0070",
        "labels": [
          "requested symbol `hidden` is not exported"
        ],
        "message": "module `demo/private_dep` exists but is not accessible from here",
        "notes": [
          "private symbol is not exported"
        ],
        "phase": "module_resolution",
        "severity": "error",
        "span": "5:12",
        "suggestions": [
          "export `hidden` from its module or use a public API"
        ]
      }
    ],
    "invalid/undeclared_target.vit": [
      {
        "code": "SEM0025",
        "labels": [
          "missing"
        ],
        "message": "assignment target `missing` is not declared",
        "notes": [
          "target must resolve before assignment"
        ],
        "phase": "name_resolution",
        "severity": "error",
        "span": "2:7",
        "suggestions": [
          "declare `missing` before assigning to it"
        ]
      }
    ],
    "invalid/unknown_symbol.vit": [
      {
        "code": "RES0127",
        "labels": [
          "missing_symbol appears here for `cout`"
        ],
        "message": "symbol `cout` does not exist in this resolution context",
        "notes": [
          "nearest variable: `count`"
        ],
        "phase": "symbol_resolution",
        "severity": "error",
        "span": "3:8",
        "suggestions": [
          "replace `cout` with variable `count`"
        ]
      }
    ]
  },
  "schema": "vitte.compiler.sema_fixture_diagnostics",
  "schema_version": "1.0.0"
}
