{
  "errors": [
    {
      "code": "RES0127",
      "labels": [
        "missing_symbol appears here for `cout`"
      ],
      "message": "symbol `cout` does not exist in this resolution context",
      "notes": [
        "nearest variable: `count`"
      ],
      "phase": "symbol_resolution",
      "severity": "error",
      "span": "3:8",
      "suggestions": [
        "replace `cout` with variable `count`"
      ]
    },
    {
      "code": "MOD_E_MODULE_NOT_FOUND",
      "labels": [
        "tested paths: ./demo/missing.vit, src/demo/missing/mod.vit"
      ],
      "message": "module `demo/missing` not found",
      "notes": [
        "requested by module `demo/app`"
      ],
      "phase": "module_resolution",
      "severity": "error",
      "span": "2:5",
      "suggestions": [
        "check the module path or add the missing module to the source set"
      ]
    }
  ],
  "order": [
    "MOD_E_MODULE_NOT_FOUND",
    "RES0127",
    "SEMA_W_UNUSED_IMPORT"
  ],
  "warnings": [
    {
      "code": "SEMA_W_UNUSED_IMPORT",
      "labels": [
        "imported module is never referenced: `demo/private_dep`"
      ],
      "message": "unused import `demo/private_dep`",
      "notes": [
        "suggestion: remove the import or use one of its exported symbols"
      ],
      "phase": "module_resolution",
      "severity": "warning",
      "span": "multifile/app.vit:3:5",
      "suggestions": [
        "remove the import or use one of its exported symbols"
      ]
    }
  ]
}
