# Sema Module Summary

## valid/basic.vit
- module: `valid.basic`
- imports: 0
- exports: none

## valid/imports.vit
- module: `demo/imports`
- imports: 2
  - `demo/math` glob @ line 2
  - `demo/private_dep` as dep @ line 3
- exports: none

## valid/visibility.vit
- module: `demo/visibility`
- imports: 0
- exports: inside, packaged, foreign, visible

## valid/shadowing.vit
- module: `valid.shadowing`
- imports: 0
- exports: none

## invalid/unknown_symbol.vit
- module: `invalid.unknown_symbol`
- imports: 0
- exports: none

## invalid/duplicate_binding.vit
- module: `invalid.duplicate_binding`
- imports: 0
- exports: none

## invalid/undeclared_target.vit
- module: `invalid.undeclared_target`
- imports: 0
- exports: none

## invalid/private_access.vit
- module: `demo/app`
- imports: 1
  - `demo/private_dep` as dep @ line 2
- exports: none

## invalid/missing_module.vit
- module: `demo/app`
- imports: 1
  - `demo/missing` as missing @ line 2
- exports: none

## invalid/import_cycle.vit
- module: `demo/cycle_a`
- imports: 1
  - `demo/cycle_b` as b @ line 2
- exports: none

## multifile/app.vit
- module: `demo/app`
- imports: 2
  - `demo/math` as math @ line 2
  - `demo/private_dep` as dep @ line 3
- exports: none

## multifile/math.vit
- module: `demo/math`
- imports: 0
- exports: sum

## multifile/private_dep.vit
- module: `demo/private_dep`
- imports: 0
- exports: visible

## multifile/cycle_a.vit
- module: `demo/cycle_a`
- imports: 1
  - `demo/cycle_b` as b @ line 2
- exports: value

## multifile/cycle_b.vit
- module: `demo/cycle_b`
- imports: 1
  - `demo/cycle_a` as a @ line 2
- exports: value
