# Sema Symbol Table

| Fixture | Symbol | Kind | Visibility |
| --- | --- | --- | --- |
| valid/basic.vit | main | proc | private |
| valid/basic.vit | value | local | private |
| valid/imports.vit | main | proc | private |
| valid/visibility.vit | inside | proc | internal |
| valid/visibility.vit | packaged | proc | package |
| valid/visibility.vit | foreign | proc | external |
| valid/visibility.vit | visible | proc | public |
| valid/shadowing.vit | main | proc | private |
| valid/shadowing.vit | argc | local | private |
| valid/shadowing.vit | value | local | private |
| invalid/unknown_symbol.vit | main | proc | private |
| invalid/unknown_symbol.vit | count | local | private |
| invalid/duplicate_binding.vit | main | proc | private |
| invalid/duplicate_binding.vit | value | local | private |
| invalid/duplicate_binding.vit | value | local | private |
| invalid/undeclared_target.vit | main | proc | private |
| invalid/private_access.vit | main | proc | private |
| invalid/missing_module.vit | main | proc | private |
| invalid/import_cycle.vit | main | proc | private |
| multifile/app.vit | main | proc | private |
| multifile/math.vit | sum | proc | public |
| multifile/private_dep.vit | visible | proc | public |
| multifile/private_dep.vit | hidden | proc | private |
| multifile/cycle_a.vit | value | proc | public |
| multifile/cycle_b.vit | value | proc | public |
