codegen[GEN0045]: BACKEND_E_MACRO_NOT_FOUND
fixture: tests/diagnostics/catalog/sources/codegen/GEN0045.vit
span: tests/diagnostics/catalog/sources/codegen/GEN0045.vit:1:1
notes: catalog diagnostic carries contextual notes
suggestions: catalog diagnostic carries correction guidance
no_parasitic_diagnostics: true
stable_order: true
recovery: true
asserts: code, title, span, notes, suggestions, no_parasitic_diagnostics, stable_order, recovery
status: complete
