diagnostic snapshot suite
schema: vitte.diagnostic-snapshot-suite
version: 1

required:
- central/LEX_E_TOKEN_TOO_LARGE.snap
- central/PARSE_E_TOPLEVEL_DECL_EXPECTED.snap
- central/TYPECK_E_ASSIGN_MISMATCH.snap
- central/BORROWCK_E_USE_AFTER_MOVE.snap
- parser/multiple-diagnostics.snap
- parser/suggestion-missing-comma.snap
- resolver/import-cycle.snap
- typeck/declaration-use-link.snap
- typeck/declaration-use-assignment-link.snap
- borrowck/use-after-move-complex.snap
- borrowck/nested-alias-reborrow.snap

coverage:
- one-code-one-snapshot
- machine-applicable-fix
- multi-error
- multi-file
- unicode-tabs
- cascade
- deduplication
- stable-order
