{
  "coverage_table": [
    {
      "consumer": "borrowck-gate",
      "covered": true,
      "evidence": {
        "assertion": "BorrowDiagnosticResult is covered by test_borrow_diagnostic_helpers_build_reports",
        "tests": [
          "test_borrow_diagnostic_helpers_build_reports"
        ]
      },
      "owner_phase": "diagnostics",
      "producer": "analysis/errors",
      "source": "src/vitte/compiler/analysis/borrowck/errors.vit",
      "support_status": "supported",
      "surface": "analysis/errors.BorrowDiagnosticResult",
      "tests": [
        "test_borrow_diagnostic_helpers_build_reports"
      ]
    },
    {
      "consumer": "borrowck-gate",
      "covered": true,
      "evidence": {
        "assertion": "BorrowErrorKind is covered by test_borrow_diagnostic_helpers_build_reports",
        "tests": [
          "test_borrow_diagnostic_helpers_build_reports"
        ]
      },
      "owner_phase": "diagnostics",
      "producer": "analysis/errors",
      "source": "src/vitte/compiler/analysis/borrowck/errors.vit",
      "support_status": "supported",
      "surface": "analysis/errors.BorrowErrorKind",
      "tests": [
        "test_borrow_diagnostic_helpers_build_reports"
      ]
    },
    {
      "consumer": "borrowck-gate",
      "covered": true,
      "evidence": {
        "assertion": "BorrowPhase is covered by test_borrow_diagnostic_helpers_build_reports",
        "tests": [
          "test_borrow_diagnostic_helpers_build_reports"
        ]
      },
      "owner_phase": "diagnostics",
      "producer": "analysis/errors",
      "source": "src/vitte/compiler/analysis/borrowck/errors.vit",
      "support_status": "supported",
      "surface": "analysis/errors.BorrowPhase",
      "tests": [
        "test_borrow_diagnostic_helpers_build_reports"
      ]
    },
    {
      "consumer": "borrowck-gate",
      "covered": true,
      "evidence": {
        "assertion": "LifetimeEdge is covered by test_lifetime_and_region_helpers_summarize_failures",
        "tests": [
          "test_lifetime_and_region_helpers_summarize_failures"
        ]
      },
      "owner_phase": "borrowck",
      "producer": "analysis/lifetimes",
      "source": "src/vitte/compiler/analysis/borrowck/lifetimes.vit",
      "support_status": "supported",
      "surface": "analysis/lifetimes.LifetimeEdge",
      "tests": [
        "test_lifetime_and_region_helpers_summarize_failures"
      ]
    },
    {
      "consumer": "borrowck-gate",
      "covered": true,
      "evidence": {
        "assertion": "LifetimeEscapeKind is covered by test_lifetime_and_region_helpers_summarize_failures",
        "tests": [
          "test_lifetime_and_region_helpers_summarize_failures"
        ]
      },
      "owner_phase": "borrowck",
      "producer": "analysis/lifetimes",
      "source": "src/vitte/compiler/analysis/borrowck/lifetimes.vit",
      "support_status": "supported",
      "surface": "analysis/lifetimes.LifetimeEscapeKind",
      "tests": [
        "test_lifetime_and_region_helpers_summarize_failures"
      ]
    },
    {
      "consumer": "borrowck-gate",
      "covered": true,
      "evidence": {
        "assertion": "LifetimeFact is covered by test_lifetime_and_region_helpers_summarize_failures",
        "tests": [
          "test_lifetime_and_region_helpers_summarize_failures"
        ]
      },
      "owner_phase": "borrowck",
      "producer": "analysis/lifetimes",
      "source": "src/vitte/compiler/analysis/borrowck/lifetimes.vit",
      "support_status": "supported",
      "surface": "analysis/lifetimes.LifetimeFact",
      "tests": [
        "test_lifetime_and_region_helpers_summarize_failures"
      ]
    },
    {
      "consumer": "borrowck-gate",
      "covered": true,
      "evidence": {
        "assertion": "LifetimeFactKind is covered by test_lifetime_and_region_helpers_summarize_failures",
        "tests": [
          "test_lifetime_and_region_helpers_summarize_failures"
        ]
      },
      "owner_phase": "borrowck",
      "producer": "analysis/lifetimes",
      "source": "src/vitte/compiler/analysis/borrowck/lifetimes.vit",
      "support_status": "supported",
      "surface": "analysis/lifetimes.LifetimeFactKind",
      "tests": [
        "test_lifetime_and_region_helpers_summarize_failures"
      ]
    },
    {
      "consumer": "borrowck-gate",
      "covered": true,
      "evidence": {
        "assertion": "LifetimeResult is covered by test_lifetime_and_region_helpers_summarize_failures",
        "tests": [
          "test_lifetime_and_region_helpers_summarize_failures"
        ]
      },
      "owner_phase": "borrowck",
      "producer": "analysis/lifetimes",
      "source": "src/vitte/compiler/analysis/borrowck/lifetimes.vit",
      "support_status": "supported",
      "surface": "analysis/lifetimes.LifetimeResult",
      "tests": [
        "test_lifetime_and_region_helpers_summarize_failures"
      ]
    },
    {
      "consumer": "borrowck-gate",
      "covered": true,
      "evidence": {
        "assertion": "LifetimeValidity is covered by test_lifetime_and_region_helpers_summarize_failures",
        "tests": [
          "test_lifetime_and_region_helpers_summarize_failures"
        ]
      },
      "owner_phase": "borrowck",
      "producer": "analysis/lifetimes",
      "source": "src/vitte/compiler/analysis/borrowck/lifetimes.vit",
      "support_status": "supported",
      "surface": "analysis/lifetimes.LifetimeValidity",
      "tests": [
        "test_lifetime_and_region_helpers_summarize_failures"
      ]
    },
    {
      "consumer": "borrowck-gate",
      "covered": true,
      "evidence": {
        "assertion": "TemporalOwnershipWindow is covered by test_temporal_ownership_windows_enforce_alias_duration",
        "tests": [
          "test_temporal_ownership_windows_enforce_alias_duration"
        ]
      },
      "owner_phase": "borrowck",
      "producer": "analysis/lifetimes",
      "source": "src/vitte/compiler/analysis/borrowck/lifetimes.vit",
      "support_status": "supported",
      "surface": "analysis/lifetimes.TemporalOwnershipWindow",
      "tests": [
        "test_temporal_ownership_windows_enforce_alias_duration"
      ]
    },
    {
      "consumer": "borrowck-gate",
      "covered": true,
      "evidence": {
        "assertion": "Loan is covered by test_loan_table_helpers_track_aliases_and_conflicts",
        "tests": [
          "test_loan_table_helpers_track_aliases_and_conflicts"
        ]
      },
      "owner_phase": "borrowck",
      "producer": "analysis/loans",
      "source": "src/vitte/compiler/analysis/borrowck/loans.vit",
      "support_status": "supported",
      "surface": "analysis/loans.Loan",
      "tests": [
        "test_loan_table_helpers_track_aliases_and_conflicts"
      ]
    },
    {
      "consumer": "borrowck-gate",
      "covered": true,
      "evidence": {
        "assertion": "LoanConflict is covered by test_loan_table_helpers_track_aliases_and_conflicts",
        "tests": [
          "test_loan_table_helpers_track_aliases_and_conflicts"
        ]
      },
      "owner_phase": "borrowck",
      "producer": "analysis/loans",
      "source": "src/vitte/compiler/analysis/borrowck/loans.vit",
      "support_status": "supported",
      "surface": "analysis/loans.LoanConflict",
      "tests": [
        "test_loan_table_helpers_track_aliases_and_conflicts"
      ]
    },
    {
      "consumer": "borrowck-gate",
      "covered": true,
      "evidence": {
        "assertion": "LoanConflictKind is covered by test_loan_table_helpers_track_aliases_and_conflicts",
        "tests": [
          "test_loan_table_helpers_track_aliases_and_conflicts"
        ]
      },
      "owner_phase": "borrowck",
      "producer": "analysis/loans",
      "source": "src/vitte/compiler/analysis/borrowck/loans.vit",
      "support_status": "supported",
      "surface": "analysis/loans.LoanConflictKind",
      "tests": [
        "test_loan_table_helpers_track_aliases_and_conflicts"
      ]
    },
    {
      "consumer": "borrowck-gate",
      "covered": true,
      "evidence": {
        "assertion": "LoanKind is covered by test_loan_table_helpers_track_aliases_and_conflicts",
        "tests": [
          "test_loan_table_helpers_track_aliases_and_conflicts"
        ]
      },
      "owner_phase": "borrowck",
      "producer": "analysis/loans",
      "source": "src/vitte/compiler/analysis/borrowck/loans.vit",
      "support_status": "supported",
      "surface": "analysis/loans.LoanKind",
      "tests": [
        "test_loan_table_helpers_track_aliases_and_conflicts"
      ]
    },
    {
      "consumer": "borrowck-gate",
      "covered": true,
      "evidence": {
        "assertion": "LoanState is covered by test_loan_table_helpers_track_aliases_and_conflicts",
        "tests": [
          "test_loan_table_helpers_track_aliases_and_conflicts"
        ]
      },
      "owner_phase": "borrowck",
      "producer": "analysis/loans",
      "source": "src/vitte/compiler/analysis/borrowck/loans.vit",
      "support_status": "supported",
      "surface": "analysis/loans.LoanState",
      "tests": [
        "test_loan_table_helpers_track_aliases_and_conflicts"
      ]
    },
    {
      "consumer": "borrowck-gate",
      "covered": true,
      "evidence": {
        "assertion": "LoanTable is covered by test_loan_table_helpers_track_aliases_and_conflicts",
        "tests": [
          "test_loan_table_helpers_track_aliases_and_conflicts"
        ]
      },
      "owner_phase": "borrowck",
      "producer": "analysis/loans",
      "source": "src/vitte/compiler/analysis/borrowck/loans.vit",
      "support_status": "supported",
      "surface": "analysis/loans.LoanTable",
      "tests": [
        "test_loan_table_helpers_track_aliases_and_conflicts"
      ]
    },
    {
      "consumer": "borrowck-gate",
      "covered": true,
      "evidence": {
        "assertion": "BorrowBlockState is covered by test_branch_move_after_join",
        "tests": [
          "test_branch_move_after_join"
        ]
      },
      "owner_phase": "borrowck",
      "producer": "analysis/mod",
      "source": "src/vitte/compiler/analysis/borrowck/mod.vit",
      "support_status": "supported",
      "surface": "analysis/mod.BorrowBlockState",
      "tests": [
        "test_branch_move_after_join"
      ]
    },
    {
      "consumer": "borrowck-gate",
      "covered": true,
      "evidence": {
        "assertion": "BorrowCheckResult is covered by test_hir_and_lowered_mir_agree_on_copy_and_scope",
        "tests": [
          "test_hir_and_lowered_mir_agree_on_copy_and_scope"
        ]
      },
      "owner_phase": "borrowck",
      "producer": "analysis/mod",
      "source": "src/vitte/compiler/analysis/borrowck/mod.vit",
      "support_status": "supported",
      "surface": "analysis/mod.BorrowCheckResult",
      "tests": [
        "test_hir_and_lowered_mir_agree_on_copy_and_scope"
      ]
    },
    {
      "consumer": "borrowck-gate",
      "covered": true,
      "evidence": {
        "assertion": "BorrowFunctionInfo is covered by test_impl_borrow_param_call_uses_canonical_mir_signature",
        "tests": [
          "test_impl_borrow_param_call_uses_canonical_mir_signature"
        ]
      },
      "owner_phase": "borrowck",
      "producer": "analysis/mod",
      "source": "src/vitte/compiler/analysis/borrowck/mod.vit",
      "support_status": "supported",
      "surface": "analysis/mod.BorrowFunctionInfo",
      "tests": [
        "test_impl_borrow_param_call_uses_canonical_mir_signature"
      ]
    },
    {
      "consumer": "borrowck-gate",
      "covered": true,
      "evidence": {
        "assertion": "BorrowFunctionParam is covered by test_borrow_param_call_does_not_move_source",
        "tests": [
          "test_borrow_param_call_does_not_move_source"
        ]
      },
      "owner_phase": "borrowck",
      "producer": "analysis/mod",
      "source": "src/vitte/compiler/analysis/borrowck/mod.vit",
      "support_status": "supported",
      "surface": "analysis/mod.BorrowFunctionParam",
      "tests": [
        "test_borrow_param_call_does_not_move_source"
      ]
    },
    {
      "consumer": "borrowck-gate",
      "covered": true,
      "evidence": {
        "assertion": "BorrowMetadata is covered by test_hir_and_lowered_mir_agree_on_copy_and_scope",
        "tests": [
          "test_hir_and_lowered_mir_agree_on_copy_and_scope"
        ]
      },
      "owner_phase": "borrowck",
      "producer": "analysis/mod",
      "source": "src/vitte/compiler/analysis/borrowck/mod.vit",
      "support_status": "supported",
      "surface": "analysis/mod.BorrowMetadata",
      "tests": [
        "test_hir_and_lowered_mir_agree_on_copy_and_scope"
      ]
    },
    {
      "consumer": "borrowck-gate",
      "covered": true,
      "evidence": {
        "assertion": "BorrowScopeInfo is covered by test_branch_loan_expires_at_scope_end",
        "tests": [
          "test_branch_loan_expires_at_scope_end"
        ]
      },
      "owner_phase": "borrowck",
      "producer": "analysis/mod",
      "source": "src/vitte/compiler/analysis/borrowck/mod.vit",
      "support_status": "supported",
      "surface": "analysis/mod.BorrowScopeInfo",
      "tests": [
        "test_branch_loan_expires_at_scope_end"
      ]
    },
    {
      "consumer": "borrowck-gate",
      "covered": true,
      "evidence": {
        "assertion": "MoveConflict is covered by test_move_tracker_helpers_report_state_and_conflicts",
        "tests": [
          "test_move_tracker_helpers_report_state_and_conflicts"
        ]
      },
      "owner_phase": "borrowck",
      "producer": "analysis/moves",
      "source": "src/vitte/compiler/analysis/borrowck/moves.vit",
      "support_status": "supported",
      "surface": "analysis/moves.MoveConflict",
      "tests": [
        "test_move_tracker_helpers_report_state_and_conflicts"
      ]
    },
    {
      "consumer": "borrowck-gate",
      "covered": true,
      "evidence": {
        "assertion": "MoveConflictKind is covered by test_move_tracker_helpers_report_state_and_conflicts",
        "tests": [
          "test_move_tracker_helpers_report_state_and_conflicts"
        ]
      },
      "owner_phase": "borrowck",
      "producer": "analysis/moves",
      "source": "src/vitte/compiler/analysis/borrowck/moves.vit",
      "support_status": "supported",
      "surface": "analysis/moves.MoveConflictKind",
      "tests": [
        "test_move_tracker_helpers_report_state_and_conflicts"
      ]
    },
    {
      "consumer": "borrowck-gate",
      "covered": true,
      "evidence": {
        "assertion": "MoveEvent is covered by test_move_tracker_helpers_report_state_and_conflicts",
        "tests": [
          "test_move_tracker_helpers_report_state_and_conflicts"
        ]
      },
      "owner_phase": "borrowck",
      "producer": "analysis/moves",
      "source": "src/vitte/compiler/analysis/borrowck/moves.vit",
      "support_status": "supported",
      "surface": "analysis/moves.MoveEvent",
      "tests": [
        "test_move_tracker_helpers_report_state_and_conflicts"
      ]
    },
    {
      "consumer": "borrowck-gate",
      "covered": true,
      "evidence": {
        "assertion": "MoveEventKind is covered by test_move_tracker_helpers_report_state_and_conflicts",
        "tests": [
          "test_move_tracker_helpers_report_state_and_conflicts"
        ]
      },
      "owner_phase": "borrowck",
      "producer": "analysis/moves",
      "source": "src/vitte/compiler/analysis/borrowck/moves.vit",
      "support_status": "supported",
      "surface": "analysis/moves.MoveEventKind",
      "tests": [
        "test_move_tracker_helpers_report_state_and_conflicts"
      ]
    },
    {
      "consumer": "borrowck-gate",
      "covered": true,
      "evidence": {
        "assertion": "MoveState is covered by test_move_tracker_helpers_report_state_and_conflicts",
        "tests": [
          "test_move_tracker_helpers_report_state_and_conflicts"
        ]
      },
      "owner_phase": "borrowck",
      "producer": "analysis/moves",
      "source": "src/vitte/compiler/analysis/borrowck/moves.vit",
      "support_status": "supported",
      "surface": "analysis/moves.MoveState",
      "tests": [
        "test_move_tracker_helpers_report_state_and_conflicts"
      ]
    },
    {
      "consumer": "borrowck-gate",
      "covered": true,
      "evidence": {
        "assertion": "MoveTracker is covered by test_move_tracker_helpers_report_state_and_conflicts",
        "tests": [
          "test_move_tracker_helpers_report_state_and_conflicts"
        ]
      },
      "owner_phase": "borrowck",
      "producer": "analysis/moves",
      "source": "src/vitte/compiler/analysis/borrowck/moves.vit",
      "support_status": "supported",
      "surface": "analysis/moves.MoveTracker",
      "tests": [
        "test_move_tracker_helpers_report_state_and_conflicts"
      ]
    },
    {
      "consumer": "borrowck-gate",
      "covered": true,
      "evidence": {
        "assertion": "LocalState is covered by test_ownership_helpers_track_places_and_borrows",
        "tests": [
          "test_ownership_helpers_track_places_and_borrows"
        ]
      },
      "owner_phase": "borrowck",
      "producer": "analysis/ownership",
      "source": "src/vitte/compiler/analysis/borrowck/ownership.vit",
      "support_status": "supported",
      "surface": "analysis/ownership.LocalState",
      "tests": [
        "test_ownership_helpers_track_places_and_borrows"
      ]
    },
    {
      "consumer": "borrowck-gate",
      "covered": true,
      "evidence": {
        "assertion": "LocalStateKind is covered by test_ownership_helpers_track_places_and_borrows",
        "tests": [
          "test_ownership_helpers_track_places_and_borrows"
        ]
      },
      "owner_phase": "borrowck",
      "producer": "analysis/ownership",
      "source": "src/vitte/compiler/analysis/borrowck/ownership.vit",
      "support_status": "supported",
      "surface": "analysis/ownership.LocalStateKind",
      "tests": [
        "test_ownership_helpers_track_places_and_borrows"
      ]
    },
    {
      "consumer": "borrowck-gate",
      "covered": true,
      "evidence": {
        "assertion": "OwnershipFact is covered by test_ownership_helpers_track_places_and_borrows",
        "tests": [
          "test_ownership_helpers_track_places_and_borrows"
        ]
      },
      "owner_phase": "borrowck",
      "producer": "analysis/ownership",
      "source": "src/vitte/compiler/analysis/borrowck/ownership.vit",
      "support_status": "supported",
      "surface": "analysis/ownership.OwnershipFact",
      "tests": [
        "test_ownership_helpers_track_places_and_borrows"
      ]
    },
    {
      "consumer": "borrowck-gate",
      "covered": true,
      "evidence": {
        "assertion": "OwnershipStateKind is covered by test_ownership_helpers_track_places_and_borrows",
        "tests": [
          "test_ownership_helpers_track_places_and_borrows"
        ]
      },
      "owner_phase": "borrowck",
      "producer": "analysis/ownership",
      "source": "src/vitte/compiler/analysis/borrowck/ownership.vit",
      "support_status": "supported",
      "surface": "analysis/ownership.OwnershipStateKind",
      "tests": [
        "test_ownership_helpers_track_places_and_borrows"
      ]
    },
    {
      "consumer": "borrowck-gate",
      "covered": true,
      "evidence": {
        "assertion": "OwnershipTable is covered by test_ownership_helpers_track_places_and_borrows",
        "tests": [
          "test_ownership_helpers_track_places_and_borrows"
        ]
      },
      "owner_phase": "borrowck",
      "producer": "analysis/ownership",
      "source": "src/vitte/compiler/analysis/borrowck/ownership.vit",
      "support_status": "supported",
      "surface": "analysis/ownership.OwnershipTable",
      "tests": [
        "test_ownership_helpers_track_places_and_borrows"
      ]
    },
    {
      "consumer": "borrowck-gate",
      "covered": true,
      "evidence": {
        "assertion": "Place is covered by test_ownership_helpers_track_places_and_borrows",
        "tests": [
          "test_ownership_helpers_track_places_and_borrows"
        ]
      },
      "owner_phase": "borrowck",
      "producer": "analysis/ownership",
      "source": "src/vitte/compiler/analysis/borrowck/ownership.vit",
      "support_status": "supported",
      "surface": "analysis/ownership.Place",
      "tests": [
        "test_ownership_helpers_track_places_and_borrows"
      ]
    },
    {
      "consumer": "borrowck-gate",
      "covered": true,
      "evidence": {
        "assertion": "PlaceKind is covered by test_ownership_helpers_track_places_and_borrows",
        "tests": [
          "test_ownership_helpers_track_places_and_borrows"
        ]
      },
      "owner_phase": "borrowck",
      "producer": "analysis/ownership",
      "source": "src/vitte/compiler/analysis/borrowck/ownership.vit",
      "support_status": "supported",
      "surface": "analysis/ownership.PlaceKind",
      "tests": [
        "test_ownership_helpers_track_places_and_borrows"
      ]
    },
    {
      "consumer": "borrowck-gate",
      "covered": true,
      "evidence": {
        "assertion": "MemoryRegionBinding is covered by test_first_class_memory_regions_bind_places_to_declared_regions",
        "tests": [
          "test_first_class_memory_regions_bind_places_to_declared_regions"
        ]
      },
      "owner_phase": "borrowck",
      "producer": "analysis/regions",
      "source": "src/vitte/compiler/analysis/borrowck/regions.vit",
      "support_status": "supported",
      "surface": "analysis/regions.MemoryRegionBinding",
      "tests": [
        "test_first_class_memory_regions_bind_places_to_declared_regions"
      ]
    },
    {
      "consumer": "borrowck-gate",
      "covered": true,
      "evidence": {
        "assertion": "MemoryRegionDecl is covered by test_first_class_memory_regions_bind_places_to_declared_regions",
        "tests": [
          "test_first_class_memory_regions_bind_places_to_declared_regions"
        ]
      },
      "owner_phase": "borrowck",
      "producer": "analysis/regions",
      "source": "src/vitte/compiler/analysis/borrowck/regions.vit",
      "support_status": "supported",
      "surface": "analysis/regions.MemoryRegionDecl",
      "tests": [
        "test_first_class_memory_regions_bind_places_to_declared_regions"
      ]
    },
    {
      "consumer": "borrowck-gate",
      "covered": true,
      "evidence": {
        "assertion": "MemoryRegionKind is covered by test_first_class_memory_regions_bind_places_to_declared_regions",
        "tests": [
          "test_first_class_memory_regions_bind_places_to_declared_regions"
        ]
      },
      "owner_phase": "borrowck",
      "producer": "analysis/regions",
      "source": "src/vitte/compiler/analysis/borrowck/regions.vit",
      "support_status": "supported",
      "surface": "analysis/regions.MemoryRegionKind",
      "tests": [
        "test_first_class_memory_regions_bind_places_to_declared_regions"
      ]
    },
    {
      "consumer": "borrowck-gate",
      "covered": true,
      "evidence": {
        "assertion": "MemoryRegionModel is covered by test_first_class_memory_regions_bind_places_to_declared_regions",
        "tests": [
          "test_first_class_memory_regions_bind_places_to_declared_regions"
        ]
      },
      "owner_phase": "borrowck",
      "producer": "analysis/regions",
      "source": "src/vitte/compiler/analysis/borrowck/regions.vit",
      "support_status": "supported",
      "surface": "analysis/regions.MemoryRegionModel",
      "tests": [
        "test_first_class_memory_regions_bind_places_to_declared_regions"
      ]
    },
    {
      "consumer": "borrowck-gate",
      "covered": true,
      "evidence": {
        "assertion": "Region is covered by test_lifetime_and_region_helpers_summarize_failures",
        "tests": [
          "test_lifetime_and_region_helpers_summarize_failures"
        ]
      },
      "owner_phase": "borrowck",
      "producer": "analysis/regions",
      "source": "src/vitte/compiler/analysis/borrowck/regions.vit",
      "support_status": "supported",
      "surface": "analysis/regions.Region",
      "tests": [
        "test_lifetime_and_region_helpers_summarize_failures"
      ]
    },
    {
      "consumer": "borrowck-gate",
      "covered": true,
      "evidence": {
        "assertion": "RegionConstraint is covered by test_lifetime_and_region_helpers_summarize_failures",
        "tests": [
          "test_lifetime_and_region_helpers_summarize_failures"
        ]
      },
      "owner_phase": "borrowck",
      "producer": "analysis/regions",
      "source": "src/vitte/compiler/analysis/borrowck/regions.vit",
      "support_status": "supported",
      "surface": "analysis/regions.RegionConstraint",
      "tests": [
        "test_lifetime_and_region_helpers_summarize_failures"
      ]
    },
    {
      "consumer": "borrowck-gate",
      "covered": true,
      "evidence": {
        "assertion": "RegionConstraintKind is covered by test_lifetime_and_region_helpers_summarize_failures",
        "tests": [
          "test_lifetime_and_region_helpers_summarize_failures"
        ]
      },
      "owner_phase": "borrowck",
      "producer": "analysis/regions",
      "source": "src/vitte/compiler/analysis/borrowck/regions.vit",
      "support_status": "supported",
      "surface": "analysis/regions.RegionConstraintKind",
      "tests": [
        "test_lifetime_and_region_helpers_summarize_failures"
      ]
    },
    {
      "consumer": "borrowck-gate",
      "covered": true,
      "evidence": {
        "assertion": "RegionSolution is covered by test_lifetime_and_region_helpers_summarize_failures",
        "tests": [
          "test_lifetime_and_region_helpers_summarize_failures"
        ]
      },
      "owner_phase": "borrowck",
      "producer": "analysis/regions",
      "source": "src/vitte/compiler/analysis/borrowck/regions.vit",
      "support_status": "supported",
      "surface": "analysis/regions.RegionSolution",
      "tests": [
        "test_lifetime_and_region_helpers_summarize_failures"
      ]
    },
    {
      "consumer": "borrowck-gate",
      "covered": true,
      "evidence": {
        "assertion": "BorrowCheckKind is covered by borrowck fixture presence",
        "tests": [
          "borrowck-fixtures"
        ]
      },
      "owner_phase": "mir",
      "producer": "middle/checks",
      "source": "src/vitte/compiler/middle/borrow/checks.vit",
      "support_status": "planned",
      "surface": "middle/checks.BorrowCheckKind",
      "tests": [
        "borrowck-fixtures"
      ]
    },
    {
      "consumer": "borrowck-gate",
      "covered": true,
      "evidence": {
        "assertion": "BorrowCheckResult is covered by borrowck fixture presence",
        "tests": [
          "borrowck-fixtures"
        ]
      },
      "owner_phase": "mir",
      "producer": "middle/checks",
      "source": "src/vitte/compiler/middle/borrow/checks.vit",
      "support_status": "planned",
      "surface": "middle/checks.BorrowCheckResult",
      "tests": [
        "borrowck-fixtures"
      ]
    },
    {
      "consumer": "borrowck-gate",
      "covered": true,
      "evidence": {
        "assertion": "BorrowContext is covered by borrowck fixture presence",
        "tests": [
          "borrowck-fixtures"
        ]
      },
      "owner_phase": "mir",
      "producer": "middle/checks",
      "source": "src/vitte/compiler/middle/borrow/checks.vit",
      "support_status": "planned",
      "surface": "middle/checks.BorrowContext",
      "tests": [
        "borrowck-fixtures"
      ]
    },
    {
      "consumer": "borrowck-gate",
      "covered": true,
      "evidence": {
        "assertion": "BorrowDiagnostic is covered by borrowck fixture presence",
        "tests": [
          "borrowck-fixtures"
        ]
      },
      "owner_phase": "diagnostics",
      "producer": "middle/checks",
      "source": "src/vitte/compiler/middle/borrow/checks.vit",
      "support_status": "planned",
      "surface": "middle/checks.BorrowDiagnostic",
      "tests": [
        "borrowck-fixtures"
      ]
    },
    {
      "consumer": "borrowck-gate",
      "covered": true,
      "evidence": {
        "assertion": "BorrowLoan is covered by borrowck fixture presence",
        "tests": [
          "borrowck-fixtures"
        ]
      },
      "owner_phase": "mir",
      "producer": "middle/checks",
      "source": "src/vitte/compiler/middle/borrow/checks.vit",
      "support_status": "planned",
      "surface": "middle/checks.BorrowLoan",
      "tests": [
        "borrowck-fixtures"
      ]
    },
    {
      "consumer": "borrowck-gate",
      "covered": true,
      "evidence": {
        "assertion": "BorrowPlace is covered by borrowck fixture presence",
        "tests": [
          "borrowck-fixtures"
        ]
      },
      "owner_phase": "mir",
      "producer": "middle/checks",
      "source": "src/vitte/compiler/middle/borrow/checks.vit",
      "support_status": "planned",
      "surface": "middle/checks.BorrowPlace",
      "tests": [
        "borrowck-fixtures"
      ]
    },
    {
      "consumer": "borrowck-gate",
      "covered": true,
      "evidence": {
        "assertion": "BorrowRegion is covered by borrowck fixture presence",
        "tests": [
          "borrowck-fixtures"
        ]
      },
      "owner_phase": "mir",
      "producer": "middle/checks",
      "source": "src/vitte/compiler/middle/borrow/checks.vit",
      "support_status": "planned",
      "surface": "middle/checks.BorrowRegion",
      "tests": [
        "borrowck-fixtures"
      ]
    },
    {
      "consumer": "borrowck-gate",
      "covered": true,
      "evidence": {
        "assertion": "BorrowSeverity is covered by borrowck fixture presence",
        "tests": [
          "borrowck-fixtures"
        ]
      },
      "owner_phase": "diagnostics",
      "producer": "middle/checks",
      "source": "src/vitte/compiler/middle/borrow/checks.vit",
      "support_status": "planned",
      "surface": "middle/checks.BorrowSeverity",
      "tests": [
        "borrowck-fixtures"
      ]
    },
    {
      "consumer": "borrowck-gate",
      "covered": true,
      "evidence": {
        "assertion": "BorrowSpan is covered by borrowck fixture presence",
        "tests": [
          "borrowck-fixtures"
        ]
      },
      "owner_phase": "mir",
      "producer": "middle/checks",
      "source": "src/vitte/compiler/middle/borrow/checks.vit",
      "support_status": "planned",
      "surface": "middle/checks.BorrowSpan",
      "tests": [
        "borrowck-fixtures"
      ]
    },
    {
      "consumer": "borrowck-gate",
      "covered": true,
      "evidence": {
        "assertion": "BorrowState is covered by borrowck fixture presence",
        "tests": [
          "borrowck-fixtures"
        ]
      },
      "owner_phase": "mir",
      "producer": "middle/checks",
      "source": "src/vitte/compiler/middle/borrow/checks.vit",
      "support_status": "planned",
      "surface": "middle/checks.BorrowState",
      "tests": [
        "borrowck-fixtures"
      ]
    },
    {
      "consumer": "borrowck-gate",
      "covered": true,
      "evidence": {
        "assertion": "BorrowStateEntry is covered by borrowck fixture presence",
        "tests": [
          "borrowck-fixtures"
        ]
      },
      "owner_phase": "mir",
      "producer": "middle/checks",
      "source": "src/vitte/compiler/middle/borrow/checks.vit",
      "support_status": "planned",
      "surface": "middle/checks.BorrowStateEntry",
      "tests": [
        "borrowck-fixtures"
      ]
    },
    {
      "consumer": "borrowck-gate",
      "covered": true,
      "evidence": {
        "assertion": "LoanKind is covered by borrowck fixture presence",
        "tests": [
          "borrowck-fixtures"
        ]
      },
      "owner_phase": "mir",
      "producer": "middle/regions",
      "source": "src/vitte/compiler/middle/borrow/regions.vit",
      "support_status": "planned",
      "surface": "middle/regions.LoanKind",
      "tests": [
        "borrowck-fixtures"
      ]
    },
    {
      "consumer": "borrowck-gate",
      "covered": true,
      "evidence": {
        "assertion": "Region is covered by borrowck fixture presence",
        "tests": [
          "borrowck-fixtures"
        ]
      },
      "owner_phase": "mir",
      "producer": "middle/regions",
      "source": "src/vitte/compiler/middle/borrow/regions.vit",
      "support_status": "planned",
      "surface": "middle/regions.Region",
      "tests": [
        "borrowck-fixtures"
      ]
    },
    {
      "consumer": "borrowck-gate",
      "covered": true,
      "evidence": {
        "assertion": "RegionContext is covered by borrowck fixture presence",
        "tests": [
          "borrowck-fixtures"
        ]
      },
      "owner_phase": "mir",
      "producer": "middle/regions",
      "source": "src/vitte/compiler/middle/borrow/regions.vit",
      "support_status": "planned",
      "surface": "middle/regions.RegionContext",
      "tests": [
        "borrowck-fixtures"
      ]
    },
    {
      "consumer": "borrowck-gate",
      "covered": true,
      "evidence": {
        "assertion": "RegionGraphEdge is covered by borrowck fixture presence",
        "tests": [
          "borrowck-fixtures"
        ]
      },
      "owner_phase": "mir",
      "producer": "middle/regions",
      "source": "src/vitte/compiler/middle/borrow/regions.vit",
      "support_status": "planned",
      "surface": "middle/regions.RegionGraphEdge",
      "tests": [
        "borrowck-fixtures"
      ]
    },
    {
      "consumer": "borrowck-gate",
      "covered": true,
      "evidence": {
        "assertion": "RegionId is covered by borrowck fixture presence",
        "tests": [
          "borrowck-fixtures"
        ]
      },
      "owner_phase": "mir",
      "producer": "middle/regions",
      "source": "src/vitte/compiler/middle/borrow/regions.vit",
      "support_status": "planned",
      "surface": "middle/regions.RegionId",
      "tests": [
        "borrowck-fixtures"
      ]
    },
    {
      "consumer": "borrowck-gate",
      "covered": true,
      "evidence": {
        "assertion": "RegionKind is covered by borrowck fixture presence",
        "tests": [
          "borrowck-fixtures"
        ]
      },
      "owner_phase": "mir",
      "producer": "middle/regions",
      "source": "src/vitte/compiler/middle/borrow/regions.vit",
      "support_status": "planned",
      "surface": "middle/regions.RegionKind",
      "tests": [
        "borrowck-fixtures"
      ]
    },
    {
      "consumer": "borrowck-gate",
      "covered": true,
      "evidence": {
        "assertion": "RegionLoan is covered by borrowck fixture presence",
        "tests": [
          "borrowck-fixtures"
        ]
      },
      "owner_phase": "mir",
      "producer": "middle/regions",
      "source": "src/vitte/compiler/middle/borrow/regions.vit",
      "support_status": "planned",
      "surface": "middle/regions.RegionLoan",
      "tests": [
        "borrowck-fixtures"
      ]
    },
    {
      "consumer": "borrowck-gate",
      "covered": true,
      "evidence": {
        "assertion": "RegionSpan is covered by borrowck fixture presence",
        "tests": [
          "borrowck-fixtures"
        ]
      },
      "owner_phase": "mir",
      "producer": "middle/regions",
      "source": "src/vitte/compiler/middle/borrow/regions.vit",
      "support_status": "planned",
      "surface": "middle/regions.RegionSpan",
      "tests": [
        "borrowck-fixtures"
      ]
    },
    {
      "consumer": "borrowck-gate",
      "covered": true,
      "evidence": {
        "assertion": "RegionState is covered by borrowck fixture presence",
        "tests": [
          "borrowck-fixtures"
        ]
      },
      "owner_phase": "mir",
      "producer": "middle/regions",
      "source": "src/vitte/compiler/middle/borrow/regions.vit",
      "support_status": "planned",
      "surface": "middle/regions.RegionState",
      "tests": [
        "borrowck-fixtures"
      ]
    },
    {
      "consumer": "borrowck-gate",
      "covered": true,
      "evidence": {
        "assertion": "RegionSummary is covered by borrowck fixture presence",
        "tests": [
          "borrowck-fixtures"
        ]
      },
      "owner_phase": "mir",
      "producer": "middle/regions",
      "source": "src/vitte/compiler/middle/borrow/regions.vit",
      "support_status": "planned",
      "surface": "middle/regions.RegionSummary",
      "tests": [
        "borrowck-fixtures"
      ]
    },
    {
      "consumer": "borrowck-gate",
      "covered": true,
      "evidence": {
        "assertion": "RegionVariable is covered by borrowck fixture presence",
        "tests": [
          "borrowck-fixtures"
        ]
      },
      "owner_phase": "mir",
      "producer": "middle/regions",
      "source": "src/vitte/compiler/middle/borrow/regions.vit",
      "support_status": "planned",
      "surface": "middle/regions.RegionVariable",
      "tests": [
        "borrowck-fixtures"
      ]
    }
  ],
  "covered_surface_count": 65,
  "declared_surface_count": 65,
  "manifest_entry_count": 65,
  "schema": "vitte.compiler.borrowck_coverage",
  "schema_version": "1.0.0",
  "stale_surfaces": [],
  "supported_covered": 43,
  "supported_total": 43,
  "uncovered_surfaces": []
}
