---
source: crates/vitte-cli/tests/cli_syntax.rs
assertion_line: 24
expression: "format!(\"status: {status}\\nstdout:\\n{stdout}\\\n            \\n---- stderr ----\\n{stderr}\")"
---
status: 0
stdout:
Formater une source (lecture fichier ou stdin)

Usage: vitte fmt [OPTIONS] [INPUT]

Arguments:
  [INPUT]  Fichier source (ou - pour stdin)

Options:
  -o, --output <OUTPUT>    Fichier de sortie (stdout si omis) ; --in-place pour réécrire
      --in-place           Réécrire le fichier d'entrée
      --check              Mode vérification uniquement (retourne erreur si diff)
      --diff               Afficher le diff des changements (stdout)
      --profile <PROFILE>  Profil d'environnement (dev ou release) [default: dev] [possible values: dev, release]
      --lang <LANG>        Langue pour les messages utilisateur [possible values: en, fr]
  -h, --help               Print help

---- stderr ----
