exit:1
error[E0000] tests/goldens/parse/match_arm_rbrace_end.vitte:6:16: Symbole '=>' attendu dans un bras de match
error[E0000] tests/goldens/parse/match_arm_rbrace_end.vitte:6:17: Expression attendue
error[E0000] tests/goldens/parse/match_arm_rbrace_end.vitte:6:18: Parenthèse fermante ')' attendue
