# Typeck Cause Chains

- TYPECK_E_ASSIGN_MISMATCH
  1. expected type comes from the assignment target
  2. obtained type comes from the assigned expression
- TYPECK_E_RETURN_MISMATCH
  1. expected type comes from the procedure signature
  2. obtained type comes from the `give` expression
- TYPECK_E_ARGUMENT_MISMATCH
  1. expected type comes from the callee parameter
  2. obtained type comes from the call argument
