# Typeck Diagnostics

## tests/typeck/invalid/assignment_mismatch.vit
- error[TYPECK_E_ASSIGN_MISMATCH] typeck 5:15
  rule: assignment type compatibility
  expected: int
  obtained: string
  cause: expected type `int` because binding `value` is declared with that type
  cause: obtained type `string` from the assigned expression
  help: change the variable type to `string` or assign a value of type `int`

## tests/typeck/invalid/return_mismatch.vit
- error[TYPECK_E_RETURN_MISMATCH] typeck 4:8
  rule: procedure return compatibility
  expected: int
  obtained: string
  cause: the procedure signature promises result type `int`
  cause: the `give` expression produces `string`
  help: give an `int` value or change the proc signature

## tests/typeck/invalid/call_arity.vit
- error[TYPECK_E_CALL_ARITY] typeck 8:8
  rule: procedure call arity
  expected: 1 argument
  obtained: 0 arguments
  cause: the callee signature establishes the required argument count
  cause: the call site provides a different argument count
  help: pass the expected number of arguments or change the callee signature
