{
  "cases": [
    {
      "cause_chain": [
        "expected type `int` because binding `value` is declared with that type",
        "obtained type `string` from the assigned expression"
      ],
      "code": "TYPECK_E_ASSIGN_MISMATCH",
      "expected": "int",
      "fixture": "tests/typeck/invalid/assignment_mismatch.vit",
      "obtained": "string",
      "phase": "typeck",
      "rule": "assignment type compatibility",
      "severity": "error",
      "span": "5:15",
      "suggestions": [
        "change the variable type to `string` or assign a value of type `int`"
      ]
    },
    {
      "cause_chain": [
        "the procedure signature promises result type `int`",
        "the `give` expression produces `string`"
      ],
      "code": "TYPECK_E_RETURN_MISMATCH",
      "expected": "int",
      "fixture": "tests/typeck/invalid/return_mismatch.vit",
      "obtained": "string",
      "phase": "typeck",
      "rule": "procedure return compatibility",
      "severity": "error",
      "span": "4:8",
      "suggestions": [
        "give an `int` value or change the proc signature"
      ]
    },
    {
      "cause_chain": [
        "the callee signature establishes the required argument count",
        "the call site provides a different argument count"
      ],
      "code": "TYPECK_E_CALL_ARITY",
      "expected": "1 argument",
      "fixture": "tests/typeck/invalid/call_arity.vit",
      "obtained": "0 arguments",
      "phase": "typeck",
      "rule": "procedure call arity",
      "severity": "error",
      "span": "8:8",
      "suggestions": [
        "pass the expected number of arguments or change the callee signature"
      ]
    }
  ],
  "schema": "vitte.compiler.typeck_diagnostic_snapshots",
  "schema_version": "1.0.0"
}
