# Typeck Expected/Obtained

| Case | Expected | Obtained | Origin |
| --- | --- | --- | --- |
| assignment mismatch | int | string | binding annotation vs assigned expression |
| return mismatch | int | string | proc result type vs give expression |
| argument mismatch | bool | string | parameter type vs call argument |
| if branch mismatch | int | string | then branch vs else branch |
