code: TYPECK_E_BINARY_MISMATCH
title: binary operator type mismatch
phase: typeck
severity: error
asserts:
  - code
  - title
  - span
  - notes
  - suggestions
  - no_parasitic_diagnostics
  - stable_order
  - recovery
  - operator span, left operand type, right operand type, operator contract help
