assertions:
  - code identifies use after move
  - title is present
  - primary span points at the reuse
  - notes describe the chronological ownership flow
  - suggestions do not claim an automatic fix unless machine-applicable
  - move and later use spans are linked
  - order is stable
  - no unrelated linker diagnostic is emitted
