assertions:
  - code identifies the assignment type mismatch
  - title is present
  - primary span points at the assigned expression
  - notes link the assignment use to the original declaration span
  - suggestions mention assigning the declared type or changing the annotation
  - declaration and use spans are linked
  - order is stable
  - no borrow diagnostic is emitted for this type error
