assertions:
  - code identifies the argument type mismatch
  - title is present
  - primary span points at the wrong argument
  - notes explain why the expected type is imposed
  - suggestions mention conversion or signature change only
  - declaration and use spans are linked
  - order is stable
  - no borrow diagnostic is emitted for this type error
