[stage1] lexed-tokens=216 lines=39
[stage1] ast-preview=L1:module; L1:app; L1:.; L1:main; L2:import; L2:app
diag:error:L15C1:struct literal with unknown type
diag:error:L15C1:return expects `app.types.Point`, got `unknown`
diag:error:L35C1:unresolved identifier `value`
diag:error:L35C1:return expects `i32`, got `unknown`
diag:error:L36C1:assignment to unknown variable `app`
diag:error:L37C1:unresolved identifier `code`
diag:error:L37C1:return expects `i32`, got `unknown`
