lexer[LEX0014]: LEX_E_INVALID_UTF8
fixture: tests/diagnostics/catalog/sources/lexer/LEX0014.vit
span: tests/diagnostics/catalog/sources/lexer/LEX0014.vit:1:1
notes: catalog diagnostic carries contextual notes
suggestions: catalog diagnostic carries correction guidance
no_parasitic_diagnostics: true
stable_order: true
recovery: true
asserts: code, title, span, notes, suggestions, no_parasitic_diagnostics, stable_order, recovery
status: complete
