{
  "diagnostics": [
    {
      "code": "TYPECK_E_ASSIGN_MISMATCH",
      "message": "typeck: assignment type mismatch",
      "range": {
        "end": {
          "character": 0,
          "line": 0
        },
        "start": {
          "character": 0,
          "line": 0
        }
      },
      "severity": 1,
      "source": "vitte"
    }
  ],
  "schema": "vitte.compiler.diagnostics.snapshot.lsp.v1",
  "uri": "file://<SOURCE>"
}
