error[TYPECK_E_ASSIGN_MISMATCH] typeck: affectation type incompatibilite
summary: errors=1 warnings=0 stopped_phase=typeck files=tests/negative/type_mismatch.vit

  = id: TYPECK_E_ASSIGN_MISMATCH:tests/negative/type_mismatch.vit:5:11
  = category: typeck
  = severity: error
  = fluent-key: TYPECK_E_ASSIGN_MISMATCH
  = span: tests/negative/type_mismatch.vit:5:11-5:18
  = label: expected declared assignment type; found incompatible assigned expression.
  = cause: The inferred type does not satisfy the type required at this location.
  = help: compare the declared binding type with the assigned expression type before changing code.
  = fix-it: replace the incompatible value with `1`, or change the binding annotation intentionally.
  = fix: assign a value of the declared binding type, or change the binding annotation at its declaration.
  = corrected example: let count: int = 1
  = example: let count: int = 1
  = invalid: let count: int = "one"
