---
source: tests/src/lib.rs
assertion_line: 380
expression: norm
---
Kw(Fn)@0..2
Ident("main")@3..7
LParen@7..8
RParen@8..9
LBrace@10..11
Kw(Let)@16..19
Ident("greeting")@20..28
Colon@28..29
Ident("str")@30..33
Eq@34..35
Str("hello")@36..43
Semi@43..44
Kw(Let)@49..52
Ident("audience")@53..61
Colon@61..62
Ident("str")@63..66
Eq@67..68
Str("world")@69..76
Semi@76..77
Ident("print")@82..87
LParen@87..88
Ident("greeting")@88..96
Plus@97..98
Str(", ")@99..103
Plus@104..105
Ident("audience")@106..114
RParen@114..115
Semi@115..116
RBrace@117..118
Eof@119..119
