vitte stdlib ffi exports snapshot v1
module_count=14
vitte/stdlib/ffi/abi|src/vitte/stdlib/ffi/abi.vitl|exports=ABIProfile,ABIVersion,CallingConvention,FieldLayout,MemoryBlob,Platform,TypeLayout,abi_profile_current,abi_profile_for,abi_profile_linux_arm64,abi_profile_linux_riscv64,abi_profile_linux_x86_64,abi_profile_macos_arm64,abi_profile_macos_x86_64,abi_profile_valid,abi_profile_windows_x86_64,abi_profiles_self_check,abi_version_compatible,alloc_native,c_type_sizes,calculate_struct_layout,calling_conv_aapcs_arm64,calling_conv_for_platform,calling_conv_microsoft_x64,calling_conv_riscv64_lp64d,calling_conv_sysv_x64,current_abi_version,current_platform,free_native,memory_read_cstring,memory_read_i32,memory_write_cstring,memory_write_i32,platform_matches,struct_field_offset,type_alignment,type_size,vitte_to_c_type
vitte/stdlib/ffi/bindgen|src/vitte/stdlib/ffi/bindgen.vitl|exports=FfiBinding,FfiBindingProfile,ffi_binding,ffi_binding_is_valid,ffi_binding_profile
vitte/stdlib/ffi/call|src/vitte/stdlib/ffi/call.vitl|exports=FfiCallFrame,FfiCallResult,FfiCallState,ffi_call_frame,ffi_call_frame_is_valid,ffi_call_i64,ffi_call_validate
vitte/stdlib/ffi/callback|src/vitte/stdlib/ffi/callback.vitl|exports=FfiCallback,FfiCallbackProfile,ffi_callback_create,ffi_callback_disable,ffi_callback_is_valid,ffi_callback_profile
vitte/stdlib/ffi/error|src/vitte/stdlib/ffi/error.vitl|exports=FfiError,FfiErrorKind,FfiErrorProfile,ffi_error,ffi_error_is_fatal,ffi_error_is_recoverable,ffi_error_kind_name,ffi_error_profile
vitte/stdlib/ffi/ffi|src/vitte/stdlib/ffi/ffi.vitl|exports=Callback,ForeignFunction,ForeignLibrary,MathLib,PthreadLib,StdioLib,StrlibLib,callback_create,callback_get_pointer,ffi_call,ffi_call_f64,ffi_call_str,ffi_get_stdlib,ffi_load_library,ffi_register_function,ffi_unload_library,get_stdlib_path,is_known_symbol,math_lib_load,panic,pthread_lib_load,stdio_lib_load,strlib_load
vitte/stdlib/ffi/index|src/vitte/stdlib/ffi/index.vit|exports=STDLIB_FFI_ABI,STDLIB_FFI_BINDGEN,STDLIB_FFI_CALL,STDLIB_FFI_CALLBACK,STDLIB_FFI_ERROR,STDLIB_FFI_FFI,STDLIB_FFI_INDEX,STDLIB_FFI_LIBRARY,STDLIB_FFI_MAX_CONTRACTS,STDLIB_FFI_MEMORY,STDLIB_FFI_MODULE_COUNT,STDLIB_FFI_POINTER,STDLIB_FFI_PROFILED_MODULE_COUNT,STDLIB_FFI_REGISTRY,STDLIB_FFI_SAFETY,STDLIB_FFI_SYMBOL,STDLIB_FFI_TYPES,stdlib_ffi_index_complete,stdlib_ffi_profiles_complete
vitte/stdlib/ffi/library|src/vitte/stdlib/ffi/library.vitl|exports=FfiLibraryHandle,FfiLibraryKind,FfiLibraryProfile,FfiLibrarySpec,ffi_library_close,ffi_library_is_valid,ffi_library_open,ffi_library_profile,ffi_library_spec
vitte/stdlib/ffi/memory|src/vitte/stdlib/ffi/memory.vitl|exports=FfiBuffer,FfiBufferProfile,ffi_buffer_alloc,ffi_buffer_as_pointer,ffi_buffer_free,ffi_buffer_is_valid,ffi_buffer_null,ffi_buffer_profile
vitte/stdlib/ffi/pointer|src/vitte/stdlib/ffi/pointer.vitl|exports=FfiPointer,FfiPointerOwnership,FfiPointerProfile,ffi_pointer,ffi_pointer_cast,ffi_pointer_is_null,ffi_pointer_is_valid,ffi_pointer_null,ffi_pointer_profile,ffi_pointer_type
vitte/stdlib/ffi/registry|src/vitte/stdlib/ffi/registry.vitl|exports=FfiRegistry,FfiRegistryProfile,ffi_registry_add_library,ffi_registry_add_symbol,ffi_registry_is_valid,ffi_registry_new,ffi_registry_profile
vitte/stdlib/ffi/safety|src/vitte/stdlib/ffi/safety.vitl|exports=FfiSafetyPolicy,FfiSafetyReport,ffi_safety_check_pointer,ffi_safety_check_signature,ffi_safety_default,ffi_safety_permissive
vitte/stdlib/ffi/symbol|src/vitte/stdlib/ffi/symbol.vitl|exports=FfiSymbol,FfiSymbolProfile,ffi_symbol_is_valid,ffi_symbol_profile,ffi_symbol_resolve,ffi_symbol_unresolved
vitte/stdlib/ffi/types|src/vitte/stdlib/ffi/types.vitl|exports=FfiPrimitiveKind,FfiSignature,FfiType,FfiTypeProfile,ffi_f64_type,ffi_i32_type,ffi_i64_type,ffi_pointer_type,ffi_signature,ffi_signature_is_valid,ffi_type,ffi_type_is_known,ffi_type_is_pointer,ffi_type_profile,ffi_void_type
