vitte stdlib json exports snapshot v1
module_count=20
vitte/stdlib/json/builder|src/vitte/stdlib/json/builder.vitl|exports=JSONBuilder,JSONValue,JsonBuilderManifest,json_builder_append_bool,json_builder_append_colon,json_builder_append_comma,json_builder_append_null,json_builder_append_number,json_builder_append_string,json_builder_clear,json_builder_end_array,json_builder_end_object,json_builder_manifest,json_builder_new,json_builder_ready,json_builder_selftest,json_builder_start_array,json_builder_start_object,json_builder_to_string,json_builder_version
vitte/stdlib/json/error|src/vitte/stdlib/json/error.vitl|exports=JsonError,JsonErrorKind,JsonErrorProfile,json_error,json_error_is_fatal,json_error_is_valid,json_error_kind_name,json_error_profile
vitte/stdlib/json/escape|src/vitte/stdlib/json/escape.vitl|exports=JsonEscapeProfile,json_escape_profile,json_escape_string,json_needs_escape,json_unescape_string
vitte/stdlib/json/index|src/vitte/stdlib/json/index.vit|exports=STDLIB_JSON_BUILDER,STDLIB_JSON_ERROR,STDLIB_JSON_ESCAPE,STDLIB_JSON_INDEX,STDLIB_JSON_LEXER,STDLIB_JSON_MAX_CONTRACTS,STDLIB_JSON_MODULE_COUNT,STDLIB_JSON_NUMBER,STDLIB_JSON_PARSE,STDLIB_JSON_PARSER,STDLIB_JSON_PATCH,STDLIB_JSON_PATH,STDLIB_JSON_POINTER,STDLIB_JSON_PROFILED_MODULE_COUNT,STDLIB_JSON_READER,STDLIB_JSON_RESULT,STDLIB_JSON_SCHEMA,STDLIB_JSON_SERIALIZE,STDLIB_JSON_STREAM,STDLIB_JSON_STRINGIFY,STDLIB_JSON_TOKEN,STDLIB_JSON_TYPES,STDLIB_JSON_WRITER,stdlib_json_index_complete,stdlib_json_profiles_complete
vitte/stdlib/json/lexer|src/vitte/stdlib/json/lexer.vitl|exports=JsonLexer,JsonLexerProfile,json_lexer_advance,json_lexer_is_at_end,json_lexer_is_valid,json_lexer_new,json_lexer_next,json_lexer_peek,json_lexer_profile,json_lexer_skip_whitespace
vitte/stdlib/json/number|src/vitte/stdlib/json/number.vitl|exports=JsonNumber,JsonNumberKind,JsonNumberProfile,json_number,json_number_classify,json_number_is_valid,json_number_profile
vitte/stdlib/json/parse|src/vitte/stdlib/json/parse.vitl|exports=JSONParser,JSONValue,JsonParseManifest,json_parse,json_parse_array,json_parse_bool,json_parse_manifest,json_parse_null,json_parse_number,json_parse_object,json_parse_ready,json_parse_selftest,json_parse_string,json_parse_version
vitte/stdlib/json/parser|src/vitte/stdlib/json/parser.vitl|exports=is_valid_json,json_parser_ready,json_parser_selftest,json_parser_version,parse_json,parse_json_array,parse_json_number,parse_json_object,parse_json_string,parse_json_value,skip_whitespace
vitte/stdlib/json/patch|src/vitte/stdlib/json/patch.vitl|exports=JsonPatch,JsonPatchOp,JsonPatchOpKind,JsonPatchProfile,json_patch_add,json_patch_is_valid,json_patch_len,json_patch_new,json_patch_op_is_valid,json_patch_profile,json_patch_push
vitte/stdlib/json/path|src/vitte/stdlib/json/path.vitl|exports=JsonPath,JsonPathProfile,JsonPathSegment,JsonPathSegmentKind,json_path_index,json_path_is_root,json_path_is_valid,json_path_key,json_path_len,json_path_profile,json_path_push,json_path_root,json_path_wildcard
vitte/stdlib/json/pointer|src/vitte/stdlib/json/pointer.vitl|exports=JsonPointer,JsonPointerProfile,json_pointer,json_pointer_append_key,json_pointer_is_root,json_pointer_is_valid,json_pointer_profile,json_pointer_root,json_pointer_to_path
vitte/stdlib/json/reader|src/vitte/stdlib/json/reader.vitl|exports=JsonReader,JsonReaderOptions,JsonReaderProfile,json_reader_is_valid,json_reader_new,json_reader_options_default,json_reader_profile,json_reader_read
vitte/stdlib/json/result|src/vitte/stdlib/json/result.vitl|exports=JsonResult,JsonResultProfile,JsonResultState,json_result_err,json_result_is_err,json_result_is_ok,json_result_is_valid,json_result_ok,json_result_profile
vitte/stdlib/json/schema|src/vitte/stdlib/json/schema.vitl|exports=JsonSchema,JsonSchemaManifest,_schema_index_of,generate_schema_from_json,merge_schemas,schema_manifest,schema_ready,schema_selftest,schema_to_string,schema_version,validate_against_schema
vitte/stdlib/json/serialize|src/vitte/stdlib/json/serialize.vitl|exports=JsonSerializeManifest,json_serialize_manifest,json_serialize_ready,json_serialize_selftest,json_serialize_version,to_json_array,to_json_bool,to_json_null,to_json_number,to_json_object,to_json_string
vitte/stdlib/json/stream|src/vitte/stdlib/json/stream.vitl|exports=JsonStream,JsonStreamProfile,JsonStreamState,json_stream_close,json_stream_emit,json_stream_is_valid,json_stream_new,json_stream_profile
vitte/stdlib/json/stringify|src/vitte/stdlib/json/stringify.vitl|exports=JSONValue,JsonStringifyManifest,json_format,json_is_valid,json_minify,json_stringify,json_stringify_manifest,json_stringify_pretty,json_stringify_ready,json_stringify_selftest,json_stringify_version,json_value_type
vitte/stdlib/json/token|src/vitte/stdlib/json/token.vitl|exports=JsonSpan,JsonToken,JsonTokenKind,JsonTokenProfile,json_span,json_span_is_valid,json_token,json_token_is_valid,json_token_is_value,json_token_kind_name,json_token_profile
vitte/stdlib/json/types|src/vitte/stdlib/json/types.vitl|exports=JSONBuilder,JSONParser,JSONValue,JsonTypesManifest,json_types_manifest,json_types_ready,json_types_selftest,json_types_version
vitte/stdlib/json/writer|src/vitte/stdlib/json/writer.vitl|exports=JsonWriter,JsonWriterOptions,JsonWriterProfile,json_writer_clear,json_writer_is_valid,json_writer_new,json_writer_options_compact,json_writer_options_pretty,json_writer_profile,json_writer_to_string,json_writer_write
