{
  "fixture": "tests/hir/invalid/empty.vit",
  "hir": {
    "command": "check",
    "hir": {
      "kind": "bootstrap-structural",
      "node_count": 0,
      "nodes": []
    },
    "producer": "vittec-bootstrap-seed",
    "schema": "vitte.compiler.surface",
    "schema_version": "1.0.0",
    "shape": {
      "form_count": 0,
      "pick_count": 0,
      "share_count": 0,
      "use_count": 0
    },
    "source": {
      "bytes": 1,
      "const_count": 0,
      "export_star_count": 0,
      "lines": 1,
      "path": "tests/hir/invalid/empty.vit",
      "proc_count": 0,
      "space_decl_count": 0
    },
    "status": "ok",
    "surface": "hir"
  },
  "rc": 0
}
