{
  "coverage_table": [
    {
      "consumer": "ir-gate",
      "covered": true,
      "evidence": {
        "assertion": "IrBlock is covered by test_ir_validator_rejects_invalid_blocks",
        "tests": [
          "test_ir_validator_rejects_invalid_blocks"
        ]
      },
      "owner_phase": "ir_validate",
      "producer": "mir_to_ir",
      "source": "src/vitte/compiler/backend/ir/ir.vit",
      "support_status": "supported",
      "surface": "ir.IrBlock",
      "tests": [
        "test_ir_validator_rejects_invalid_blocks"
      ]
    },
    {
      "consumer": "ir-gate",
      "covered": true,
      "evidence": {
        "assertion": "IrFunction is covered by test_ir_validator_rejects_functions_without_blocks",
        "tests": [
          "test_ir_validator_rejects_functions_without_blocks"
        ]
      },
      "owner_phase": "ir_validate",
      "producer": "mir_to_ir",
      "source": "src/vitte/compiler/backend/ir/ir.vit",
      "support_status": "supported",
      "surface": "ir.IrFunction",
      "tests": [
        "test_ir_validator_rejects_functions_without_blocks"
      ]
    },
    {
      "consumer": "ir-gate",
      "covered": true,
      "evidence": {
        "assertion": "IrFunctionParam is covered by test_ir_and_llvm_preserve_regular_proc_signature",
        "tests": [
          "test_ir_and_llvm_preserve_regular_proc_signature"
        ]
      },
      "owner_phase": "ir",
      "producer": "backend_ir",
      "source": "src/vitte/compiler/backend/ir/ir.vit",
      "support_status": "supported",
      "surface": "ir.IrFunctionParam",
      "tests": [
        "test_ir_and_llvm_preserve_regular_proc_signature"
      ]
    },
    {
      "consumer": "ir-gate",
      "covered": true,
      "evidence": {
        "assertion": "IrInstruction is covered by test_ir_validator_rejects_invalid_instructions",
        "tests": [
          "test_ir_validator_rejects_invalid_instructions"
        ]
      },
      "owner_phase": "ir",
      "producer": "mir_to_ir",
      "source": "src/vitte/compiler/backend/ir/ir.vit",
      "support_status": "supported",
      "surface": "ir.IrInstruction",
      "tests": [
        "test_ir_validator_rejects_invalid_instructions"
      ]
    },
    {
      "consumer": "ir-gate",
      "covered": true,
      "evidence": {
        "assertion": "IrInstructionKind is covered by test_ir_validator_rejects_invalid_instructions",
        "tests": [
          "test_ir_validator_rejects_invalid_instructions"
        ]
      },
      "owner_phase": "ir",
      "producer": "backend_ir",
      "source": "src/vitte/compiler/backend/ir/ir.vit",
      "support_status": "supported",
      "surface": "ir.IrInstructionKind",
      "tests": [
        "test_ir_validator_rejects_invalid_instructions"
      ]
    },
    {
      "consumer": "ir-gate",
      "covered": true,
      "evidence": {
        "assertion": "IrLinkage is covered by test_backend_ir_contract_is_versioned_and_enforced",
        "tests": [
          "test_backend_ir_contract_is_versioned_and_enforced"
        ]
      },
      "owner_phase": "ir",
      "producer": "backend_ir",
      "source": "src/vitte/compiler/backend/ir/ir.vit",
      "support_status": "supported",
      "surface": "ir.IrLinkage",
      "tests": [
        "test_backend_ir_contract_is_versioned_and_enforced"
      ]
    },
    {
      "consumer": "ir-gate",
      "covered": true,
      "evidence": {
        "assertion": "IrModule is covered by test_ir_verifier_accepts_lowered_unit",
        "tests": [
          "test_ir_verifier_accepts_lowered_unit"
        ]
      },
      "owner_phase": "ir_validate",
      "producer": "mir_to_ir",
      "source": "src/vitte/compiler/backend/ir/ir.vit",
      "support_status": "supported",
      "surface": "ir.IrModule",
      "tests": [
        "test_ir_verifier_accepts_lowered_unit"
      ]
    },
    {
      "consumer": "ir-gate",
      "covered": true,
      "evidence": {
        "assertion": "IrModuleKind is covered by test_ir_verifier_accepts_lowered_unit",
        "tests": [
          "test_ir_verifier_accepts_lowered_unit"
        ]
      },
      "owner_phase": "ir",
      "producer": "backend_ir",
      "source": "src/vitte/compiler/backend/ir/ir.vit",
      "support_status": "supported",
      "surface": "ir.IrModuleKind",
      "tests": [
        "test_ir_verifier_accepts_lowered_unit"
      ]
    },
    {
      "consumer": "ir-gate",
      "covered": true,
      "evidence": {
        "assertion": "IrNominalType is covered by test_mir_to_ir_preserves_nominal_type_metadata",
        "tests": [
          "test_mir_to_ir_preserves_nominal_type_metadata"
        ]
      },
      "owner_phase": "ir_validate",
      "producer": "backend_ir",
      "source": "src/vitte/compiler/backend/ir/ir.vit",
      "support_status": "supported",
      "surface": "ir.IrNominalType",
      "tests": [
        "test_mir_to_ir_preserves_nominal_type_metadata"
      ]
    },
    {
      "consumer": "ir-gate",
      "covered": true,
      "evidence": {
        "assertion": "IrTarget is covered by test_cross_toolchain_requires_and_propagates_explicit_sysroot",
        "tests": [
          "test_cross_toolchain_requires_and_propagates_explicit_sysroot"
        ]
      },
      "owner_phase": "ir",
      "producer": "backend_ir",
      "source": "src/vitte/compiler/backend/ir/ir.vit",
      "support_status": "supported",
      "surface": "ir.IrTarget",
      "tests": [
        "test_cross_toolchain_requires_and_propagates_explicit_sysroot"
      ]
    },
    {
      "consumer": "ir-gate",
      "covered": true,
      "evidence": {
        "assertion": "IrUnit is covered by test_ir_verifier_accepts_lowered_unit",
        "tests": [
          "test_ir_verifier_accepts_lowered_unit"
        ]
      },
      "owner_phase": "ir_validate",
      "producer": "mir_to_ir",
      "source": "src/vitte/compiler/backend/ir/ir.vit",
      "support_status": "supported",
      "surface": "ir.IrUnit",
      "tests": [
        "test_ir_verifier_accepts_lowered_unit"
      ]
    },
    {
      "consumer": "ir-gate",
      "covered": true,
      "evidence": {
        "assertion": "IrUnitState is covered by test_backend_ir_contract_is_versioned_and_enforced",
        "tests": [
          "test_backend_ir_contract_is_versioned_and_enforced"
        ]
      },
      "owner_phase": "ir",
      "producer": "backend_ir",
      "source": "src/vitte/compiler/backend/ir/ir.vit",
      "support_status": "supported",
      "surface": "ir.IrUnitState",
      "tests": [
        "test_backend_ir_contract_is_versioned_and_enforced"
      ]
    },
    {
      "consumer": "ir-gate",
      "covered": true,
      "evidence": {
        "assertion": "IrValue is covered by test_ir_validator_rejects_invalid_instruction_operands",
        "tests": [
          "test_ir_validator_rejects_invalid_instruction_operands"
        ]
      },
      "owner_phase": "ir",
      "producer": "mir_to_ir",
      "source": "src/vitte/compiler/backend/ir/ir.vit",
      "support_status": "supported",
      "surface": "ir.IrValue",
      "tests": [
        "test_ir_validator_rejects_invalid_instruction_operands"
      ]
    },
    {
      "consumer": "ir-gate",
      "covered": true,
      "evidence": {
        "assertion": "IrValueKind is covered by test_ir_validator_rejects_invalid_instruction_operands",
        "tests": [
          "test_ir_validator_rejects_invalid_instruction_operands"
        ]
      },
      "owner_phase": "ir",
      "producer": "backend_ir",
      "source": "src/vitte/compiler/backend/ir/ir.vit",
      "support_status": "supported",
      "surface": "ir.IrValueKind",
      "tests": [
        "test_ir_validator_rejects_invalid_instruction_operands"
      ]
    },
    {
      "consumer": "ir-gate",
      "covered": true,
      "evidence": {
        "assertion": "IrVisibility is covered by test_mir_to_ir_preserves_nominal_type_metadata",
        "tests": [
          "test_mir_to_ir_preserves_nominal_type_metadata"
        ]
      },
      "owner_phase": "ir",
      "producer": "backend_ir",
      "source": "src/vitte/compiler/backend/ir/ir.vit",
      "support_status": "supported",
      "surface": "ir.IrVisibility",
      "tests": [
        "test_mir_to_ir_preserves_nominal_type_metadata"
      ]
    }
  ],
  "covered_surface_count": 15,
  "declared_surface_count": 15,
  "manifest_entry_count": 15,
  "schema": "vitte.compiler.ir_coverage",
  "schema_version": "1.0.0",
  "stale_surfaces": [],
  "status_totals": {
    "hir_only": 0,
    "ir_only": 0,
    "not_supported": 0,
    "planned": 0,
    "supported": 15
  },
  "supported_covered": 15,
  "supported_total": 15,
  "uncovered_surfaces": []
}
