# IR Coverage

| Surface | Status | Owner | Source | Tests | Evidence |
| --- | --- | --- | --- | --- | --- |
| ir.IrBlock | supported | ir_validate | src/vitte/compiler/backend/ir/ir.vit | test_ir_validator_rejects_invalid_blocks | IrBlock is covered by test_ir_validator_rejects_invalid_blocks |
| ir.IrFunction | supported | ir_validate | src/vitte/compiler/backend/ir/ir.vit | test_ir_validator_rejects_functions_without_blocks | IrFunction is covered by test_ir_validator_rejects_functions_without_blocks |
| ir.IrFunctionParam | supported | ir | src/vitte/compiler/backend/ir/ir.vit | test_ir_and_llvm_preserve_regular_proc_signature | IrFunctionParam is covered by test_ir_and_llvm_preserve_regular_proc_signature |
| ir.IrInstruction | supported | ir | src/vitte/compiler/backend/ir/ir.vit | test_ir_validator_rejects_invalid_instructions | IrInstruction is covered by test_ir_validator_rejects_invalid_instructions |
| ir.IrInstructionKind | supported | ir | src/vitte/compiler/backend/ir/ir.vit | test_ir_validator_rejects_invalid_instructions | IrInstructionKind is covered by test_ir_validator_rejects_invalid_instructions |
| ir.IrLinkage | supported | ir | src/vitte/compiler/backend/ir/ir.vit | test_backend_ir_contract_is_versioned_and_enforced | IrLinkage is covered by test_backend_ir_contract_is_versioned_and_enforced |
| ir.IrModule | supported | ir_validate | src/vitte/compiler/backend/ir/ir.vit | test_ir_verifier_accepts_lowered_unit | IrModule is covered by test_ir_verifier_accepts_lowered_unit |
| ir.IrModuleKind | supported | ir | src/vitte/compiler/backend/ir/ir.vit | test_ir_verifier_accepts_lowered_unit | IrModuleKind is covered by test_ir_verifier_accepts_lowered_unit |
| ir.IrNominalType | supported | ir_validate | src/vitte/compiler/backend/ir/ir.vit | test_mir_to_ir_preserves_nominal_type_metadata | IrNominalType is covered by test_mir_to_ir_preserves_nominal_type_metadata |
| ir.IrTarget | supported | ir | src/vitte/compiler/backend/ir/ir.vit | test_cross_toolchain_requires_and_propagates_explicit_sysroot | IrTarget is covered by test_cross_toolchain_requires_and_propagates_explicit_sysroot |
| ir.IrUnit | supported | ir_validate | src/vitte/compiler/backend/ir/ir.vit | test_ir_verifier_accepts_lowered_unit | IrUnit is covered by test_ir_verifier_accepts_lowered_unit |
| ir.IrUnitState | supported | ir | src/vitte/compiler/backend/ir/ir.vit | test_backend_ir_contract_is_versioned_and_enforced | IrUnitState is covered by test_backend_ir_contract_is_versioned_and_enforced |
| ir.IrValue | supported | ir | src/vitte/compiler/backend/ir/ir.vit | test_ir_validator_rejects_invalid_instruction_operands | IrValue is covered by test_ir_validator_rejects_invalid_instruction_operands |
| ir.IrValueKind | supported | ir | src/vitte/compiler/backend/ir/ir.vit | test_ir_validator_rejects_invalid_instruction_operands | IrValueKind is covered by test_ir_validator_rejects_invalid_instruction_operands |
| ir.IrVisibility | supported | ir | src/vitte/compiler/backend/ir/ir.vit | test_mir_to_ir_preserves_nominal_type_metadata | IrVisibility is covered by test_mir_to_ir_preserves_nominal_type_metadata |

## Uncovered Surfaces

- None.
