# IR Fixture Snapshots

| Fixture | Kind | Lines | Namespace |
| --- | --- | --- | --- |
| tests/diag_snapshots/core_ir_golden.must | snapshot | 0 | False |
| tests/diag_snapshots/core_ir_golden.vit | source | 18 | True |
| tests/diag_snapshots/core_ir_golden_manifest.txt | snapshot | 1 | False |
| tests/diagnostics/catalog/ir.catalog.json | snapshot | 1112 | False |
| tests/ir/invalid/bad_borrow.vit | source | 7 | True |
| tests/ir/invalid/bad_call_arity.vit | source | 7 | True |
| tests/ir/invalid/bad_cfg.vit | source | 5 | True |
| tests/ir/invalid/bad_generic_arity.vit | source | 7 | True |
| tests/ir/multifile/app.vit | source | 7 | True |
| tests/ir/multifile/lib.vit | source | 5 | True |
| tests/ir/valid/aggregates.vit | source | 11 | True |
| tests/ir/valid/basic.vit | source | 5 | True |
| tests/ir/valid/borrows.vit | source | 10 | True |
| tests/ir/valid/calls.vit | source | 9 | True |
| tests/ir/valid/control_flow.vit | source | 7 | True |
| tests/ir/valid/generics.vit | source | 9 | True |
