{
  "cases": [
    {
      "fixture": "tests/diag_snapshots/core_ir_golden.must",
      "has_namespace": false,
      "kind": "snapshot",
      "lines": 0
    },
    {
      "fixture": "tests/diag_snapshots/core_ir_golden.vit",
      "has_namespace": true,
      "kind": "source",
      "lines": 18
    },
    {
      "fixture": "tests/diag_snapshots/core_ir_golden_manifest.txt",
      "has_namespace": false,
      "kind": "snapshot",
      "lines": 1
    },
    {
      "fixture": "tests/diagnostics/catalog/ir.catalog.json",
      "has_namespace": false,
      "kind": "snapshot",
      "lines": 1112
    },
    {
      "fixture": "tests/ir/invalid/bad_borrow.vit",
      "has_namespace": true,
      "kind": "source",
      "lines": 7
    },
    {
      "fixture": "tests/ir/invalid/bad_call_arity.vit",
      "has_namespace": true,
      "kind": "source",
      "lines": 7
    },
    {
      "fixture": "tests/ir/invalid/bad_cfg.vit",
      "has_namespace": true,
      "kind": "source",
      "lines": 5
    },
    {
      "fixture": "tests/ir/invalid/bad_generic_arity.vit",
      "has_namespace": true,
      "kind": "source",
      "lines": 7
    },
    {
      "fixture": "tests/ir/multifile/app.vit",
      "has_namespace": true,
      "kind": "source",
      "lines": 7
    },
    {
      "fixture": "tests/ir/multifile/lib.vit",
      "has_namespace": true,
      "kind": "source",
      "lines": 5
    },
    {
      "fixture": "tests/ir/valid/aggregates.vit",
      "has_namespace": true,
      "kind": "source",
      "lines": 11
    },
    {
      "fixture": "tests/ir/valid/basic.vit",
      "has_namespace": true,
      "kind": "source",
      "lines": 5
    },
    {
      "fixture": "tests/ir/valid/borrows.vit",
      "has_namespace": true,
      "kind": "source",
      "lines": 10
    },
    {
      "fixture": "tests/ir/valid/calls.vit",
      "has_namespace": true,
      "kind": "source",
      "lines": 9
    },
    {
      "fixture": "tests/ir/valid/control_flow.vit",
      "has_namespace": true,
      "kind": "source",
      "lines": 7
    },
    {
      "fixture": "tests/ir/valid/generics.vit",
      "has_namespace": true,
      "kind": "source",
      "lines": 9
    }
  ],
  "schema": "vitte.compiler.ir_fixture_snapshots",
  "schema_version": "1.0.0"
}
