# HIR Coverage

| Variant | Status | Owner | Source | Producer | Consumer | Tests | Evidence |
| --- | --- | --- | --- | --- | --- | --- | --- |
| HirModule | supported | lower_ast | src/vitte/compiler/middle/hir/hir.vit | frontend AST to HIR lowering | middle pipeline, typeck, borrowck, MIR lowering | test_hir_import_and_module_coverage | asserts the HIR surface is constructed or lowered and consumed by the named test |
| HirItemKind.Space | supported | lower_ast | src/vitte/compiler/middle/hir/hir.vit | parser item lowering | resolver module namespace | test_hir_import_and_module_coverage | asserts the HIR surface is constructed or lowered and consumed by the named test |
| HirItemKind.Use | supported | lower_ast | src/vitte/compiler/middle/hir/hir.vit | parser import lowering | resolver import graph | test_hir_import_and_module_coverage | asserts the HIR surface is constructed or lowered and consumed by the named test |
| HirItemKind.Const | supported | lower_ast | src/vitte/compiler/middle/hir/hir.vit | AST item lowering | const eval, typeck, MIR lowering | test_hir_minimal_item_coverage | asserts the HIR surface is constructed or lowered and consumed by the named test |
| HirItemKind.Static | supported | lower_ast | src/vitte/compiler/middle/hir/hir.vit | AST item lowering | typeck, backend globals | test_hir_minimal_item_coverage | asserts the HIR surface is constructed or lowered and consumed by the named test |
| HirItemKind.Type | supported | lower_ast | src/vitte/compiler/middle/hir/hir.vit | AST item lowering | resolver, typeck | test_hir_minimal_item_coverage | asserts the HIR surface is constructed or lowered and consumed by the named test |
| HirItemKind.Extern | supported | lower_ast | src/vitte/compiler/middle/hir/hir.vit | AST item lowering | ABI lowering, backend | test_hir_minimal_item_coverage | asserts the HIR surface is constructed or lowered and consumed by the named test |
| HirItemKind.Form | supported | lower_ast | src/vitte/compiler/middle/hir/hir.vit | AST item lowering | typeck, nominal layout | test_hir_minimal_item_coverage, test_hir_preserves_surface_items_and_struct_expr | asserts the HIR surface is constructed or lowered and consumed by the named test |
| HirItemKind.Pick | supported | lower_ast | src/vitte/compiler/middle/hir/hir.vit | AST item lowering | typeck, pattern analysis | test_hir_minimal_item_coverage, test_hir_preserves_surface_items_and_struct_expr | asserts the HIR surface is constructed or lowered and consumed by the named test |
| HirItemKind.Trait | supported | lower_ast | src/vitte/compiler/middle/hir/hir.vit | AST item lowering | trait solver, typeck | test_hir_minimal_item_coverage, test_hir_preserves_surface_items_and_struct_expr | asserts the HIR surface is constructed or lowered and consumed by the named test |
| HirItemKind.Impl | supported | lower_ast | src/vitte/compiler/middle/hir/hir.vit | AST item lowering | trait solver, typeck, method lookup | test_hir_minimal_item_coverage, test_hir_preserves_surface_items_and_struct_expr | asserts the HIR surface is constructed or lowered and consumed by the named test |
| HirItemKind.Proc | supported | lower_ast | src/vitte/compiler/middle/hir/hir.vit | AST item lowering | typeck, borrowck, MIR lowering | test_hir_minimal_item_coverage, test_hir_function_shape_coverage, test_hir_preserves_proc_params | asserts the HIR surface is constructed or lowered and consumed by the named test |
| HirGenericParam | supported | lower_ast | src/vitte/compiler/middle/hir/hir.vit | generic AST metadata lowering | typeck generic constraints | test_hir_preserves_proc_generic_params | asserts the HIR surface is constructed or lowered and consumed by the named test |
| HirItem.where_clauses | supported | lower_ast | src/vitte/compiler/middle/hir/hir.vit | signature metadata lowering | typeck generic constraints | test_hir_preserves_proc_generic_params | asserts the HIR surface is constructed or lowered and consumed by the named test |
| HirProcParam.zero_params | supported | lower_ast | src/vitte/compiler/middle/hir/hir.vit | procedure signature lowering | typeck and call ABI | test_hir_function_shape_coverage | asserts the HIR surface is constructed or lowered and consumed by the named test |
| HirProcParam.multiple_params | supported | lower_ast | src/vitte/compiler/middle/hir/hir.vit | procedure signature lowering | typeck and call ABI | test_hir_function_shape_coverage, test_hir_preserves_proc_params | asserts the HIR surface is constructed or lowered and consumed by the named test |
| HirItem.return_explicit | supported | lower_ast | src/vitte/compiler/middle/hir/hir.vit | procedure signature lowering | typeck return checking, MIR lowering | test_hir_return_and_extern_function_coverage | asserts the HIR surface is constructed or lowered and consumed by the named test |
| HirItem.return_implicit_block | supported | lower_ast | src/vitte/compiler/middle/hir/hir.vit | statement expression lowering | typeck expression statement analysis | test_hir_return_and_extern_function_coverage | asserts the HIR surface is constructed or lowered and consumed by the named test |
| HirItemKind.Proc.extern_abi | supported | lower_ast | src/vitte/compiler/middle/hir/hir.vit | extern procedure lowering | ABI lowering, backend | test_hir_return_and_extern_function_coverage | asserts the HIR surface is constructed or lowered and consumed by the named test |
| HirNominalMemberKind.ImplMethod | supported | lower_ast | src/vitte/compiler/middle/hir/hir.vit | impl member lowering | method lookup, typeck, MIR lowering | test_hir_impl_method_receiver_coverage, test_hir_preserves_surface_items_and_struct_expr | asserts the HIR surface is constructed or lowered and consumed by the named test |
| HirProcParam.receiver_value | supported | lower_ast | src/vitte/compiler/middle/hir/hir.vit | impl method parameter lowering | method receiver checking | test_hir_impl_method_receiver_coverage | asserts the HIR surface is constructed or lowered and consumed by the named test |
| HirProcParam.receiver_borrow | supported | lower_ast | src/vitte/compiler/middle/hir/hir.vit | impl method parameter lowering | borrow checker receiver mode | test_hir_impl_method_receiver_coverage | asserts the HIR surface is constructed or lowered and consumed by the named test |
| HirProcParam.receiver_mut | supported | lower_ast | src/vitte/compiler/middle/hir/hir.vit | impl method parameter lowering | borrow checker receiver mode | test_hir_impl_method_receiver_coverage | asserts the HIR surface is constructed or lowered and consumed by the named test |
| HirExprKind.Block | supported | lower_ast | src/vitte/compiler/middle/hir/hir.vit | block expression lowering | typeck and MIR block lowering | test_hir_block_and_let_coverage | asserts the HIR surface is constructed or lowered and consumed by the named test |
| HirStmtKind.Let | supported | lower_ast | src/vitte/compiler/middle/hir/hir.vit | let statement lowering | resolver, typeck, borrowck | test_hir_block_and_let_coverage, test_hir_pattern_source_coverage | asserts the HIR surface is constructed or lowered and consumed by the named test |
| HirStmt.let_simple | supported | lower_ast | src/vitte/compiler/middle/hir/hir.vit | let statement lowering | resolver binding creation | test_hir_block_and_let_coverage | asserts the HIR surface is constructed or lowered and consumed by the named test |
| HirStmt.let_mut | supported | lower_ast | src/vitte/compiler/middle/hir/hir.vit | let statement lowering | borrowck mutability checking | test_hir_block_and_let_coverage | asserts the HIR surface is constructed or lowered and consumed by the named test |
| HirStmt.let_type_annotation | supported | lower_ast | src/vitte/compiler/middle/hir/hir.vit | let statement lowering | typeck expected type construction | test_hir_block_and_let_coverage | asserts the HIR surface is constructed or lowered and consumed by the named test |
| AstPatternKind.Name | ast_only | parser | src/vitte/compiler/frontend/ast/pattern.vit | parser pattern lowering before HIR | HIR binding-name normalization | test_hir_pattern_source_coverage | asserts AST pattern survives to HIR binding/text normalization path |
| AstPatternKind.Tuple | ast_only | parser | src/vitte/compiler/frontend/ast/pattern.vit | parser pattern lowering before HIR | HIR pattern text normalization | test_hir_pattern_source_coverage | asserts AST pattern survives to HIR binding/text normalization path |
| AstPatternKind.Struct | ast_only | parser | src/vitte/compiler/frontend/ast/pattern.vit | parser pattern lowering before HIR | HIR pattern text normalization | test_hir_pattern_source_coverage | asserts AST pattern survives to HIR binding/text normalization path |
| AstPatternKind.Enum | ast_only | parser | src/vitte/compiler/frontend/ast/pattern.vit | parser pattern lowering before HIR | HIR pattern text normalization | test_hir_pattern_source_coverage | asserts AST pattern survives to HIR binding/text normalization path |
| AstPatternKind.Wildcard | ast_only | parser | src/vitte/compiler/frontend/ast/pattern.vit | parser pattern lowering before HIR | HIR binding-name normalization | test_hir_pattern_source_coverage | asserts AST pattern survives to HIR binding/text normalization path |
| AstPatternKind.Literal | ast_only | parser | src/vitte/compiler/frontend/ast/pattern.vit | parser pattern lowering before HIR | HIR pattern text normalization | test_hir_pattern_source_coverage | asserts AST pattern survives to HIR binding/text normalization path |
| AstPattern.nested | ast_only | parser | src/vitte/compiler/frontend/ast/pattern.vit | parser pattern lowering before HIR | HIR pattern text normalization | test_hir_pattern_source_coverage | asserts AST pattern survives to HIR binding/text normalization path |
| HirExprKind.AddressOf | supported | lower_ast | src/vitte/compiler/middle/hir/hir.vit | HIR expression surface construction or AST lowering | typeck, borrowck, MIR lowering | test_hir_expr_kind_surface_coverage | asserts the HIR surface is constructed or lowered and consumed by the named test |
| HirExprKind.Alignof | supported | lower_ast | src/vitte/compiler/middle/hir/hir.vit | HIR expression surface construction or AST lowering | typeck, borrowck, MIR lowering | test_hir_expr_kind_surface_coverage | asserts the HIR surface is constructed or lowered and consumed by the named test |
| HirExprKind.Array | supported | lower_ast | src/vitte/compiler/middle/hir/hir.vit | HIR expression surface construction or AST lowering | typeck, borrowck, MIR lowering | test_hir_expr_kind_surface_coverage | asserts the HIR surface is constructed or lowered and consumed by the named test |
| HirExprKind.Assign | supported | lower_ast | src/vitte/compiler/middle/hir/hir.vit | HIR expression surface construction or AST lowering | typeck, borrowck, MIR lowering | test_hir_expr_kind_surface_coverage | asserts the HIR surface is constructed or lowered and consumed by the named test |
| HirExprKind.Await | supported | lower_ast | src/vitte/compiler/middle/hir/hir.vit | HIR expression surface construction or AST lowering | typeck, borrowck, MIR lowering | test_hir_expr_kind_surface_coverage | asserts the HIR surface is constructed or lowered and consumed by the named test |
| HirExprKind.Binary | supported | lower_ast | src/vitte/compiler/middle/hir/hir.vit | HIR expression surface construction or AST lowering | typeck, borrowck, MIR lowering | test_hir_expr_kind_surface_coverage | asserts the HIR surface is constructed or lowered and consumed by the named test |
| HirExprKind.Bool | supported | lower_ast | src/vitte/compiler/middle/hir/hir.vit | HIR expression surface construction or AST lowering | typeck, borrowck, MIR lowering | test_hir_expr_kind_surface_coverage | asserts the HIR surface is constructed or lowered and consumed by the named test |
| HirExprKind.BorrowMut | supported | lower_ast | src/vitte/compiler/middle/hir/hir.vit | HIR expression surface construction or AST lowering | typeck, borrowck, MIR lowering | test_hir_expr_kind_surface_coverage | asserts the HIR surface is constructed or lowered and consumed by the named test |
| HirExprKind.BorrowShared | supported | lower_ast | src/vitte/compiler/middle/hir/hir.vit | HIR expression surface construction or AST lowering | typeck, borrowck, MIR lowering | test_hir_expr_kind_surface_coverage | asserts the HIR surface is constructed or lowered and consumed by the named test |
| HirExprKind.Call | supported | lower_ast | src/vitte/compiler/middle/hir/hir.vit | HIR expression surface construction or AST lowering | typeck, borrowck, MIR lowering | test_hir_expr_kind_surface_coverage | asserts the HIR surface is constructed or lowered and consumed by the named test |
| HirExprKind.Cast | supported | lower_ast | src/vitte/compiler/middle/hir/hir.vit | HIR expression surface construction or AST lowering | typeck, borrowck, MIR lowering | test_hir_expr_kind_surface_coverage | asserts the HIR surface is constructed or lowered and consumed by the named test |
| HirExprKind.Char | supported | lower_ast | src/vitte/compiler/middle/hir/hir.vit | HIR expression surface construction or AST lowering | typeck, borrowck, MIR lowering | test_hir_expr_kind_surface_coverage | asserts the HIR surface is constructed or lowered and consumed by the named test |
| HirExprKind.Closure | supported | lower_ast | src/vitte/compiler/middle/hir/hir.vit | HIR expression surface construction or AST lowering | typeck, borrowck, MIR lowering | test_hir_expr_kind_surface_coverage | asserts the HIR surface is constructed or lowered and consumed by the named test |
| HirExprKind.Comptime | supported | lower_ast | src/vitte/compiler/middle/hir/hir.vit | HIR expression surface construction or AST lowering | typeck, borrowck, MIR lowering | test_hir_expr_kind_surface_coverage | asserts the HIR surface is constructed or lowered and consumed by the named test |
| HirExprKind.CompoundAssign | supported | lower_ast | src/vitte/compiler/middle/hir/hir.vit | HIR expression surface construction or AST lowering | typeck, borrowck, MIR lowering | test_hir_expr_kind_surface_coverage | asserts the HIR surface is constructed or lowered and consumed by the named test |
| HirExprKind.Deref | supported | lower_ast | src/vitte/compiler/middle/hir/hir.vit | HIR expression surface construction or AST lowering | typeck, borrowck, MIR lowering | test_hir_expr_kind_surface_coverage | asserts the HIR surface is constructed or lowered and consumed by the named test |
| HirExprKind.Float | supported | lower_ast | src/vitte/compiler/middle/hir/hir.vit | HIR expression surface construction or AST lowering | typeck, borrowck, MIR lowering | test_hir_expr_kind_surface_coverage | asserts the HIR surface is constructed or lowered and consumed by the named test |
| HirExprKind.If | supported | lower_ast | src/vitte/compiler/middle/hir/hir.vit | HIR expression surface construction or AST lowering | typeck, borrowck, MIR lowering | test_hir_expr_kind_surface_coverage | asserts the HIR surface is constructed or lowered and consumed by the named test |
| HirExprKind.Index | supported | lower_ast | src/vitte/compiler/middle/hir/hir.vit | HIR expression surface construction or AST lowering | typeck, borrowck, MIR lowering | test_hir_expr_kind_surface_coverage | asserts the HIR surface is constructed or lowered and consumed by the named test |
| HirExprKind.Int | supported | lower_ast | src/vitte/compiler/middle/hir/hir.vit | HIR expression surface construction or AST lowering | typeck, borrowck, MIR lowering | test_hir_expr_kind_surface_coverage | asserts the HIR surface is constructed or lowered and consumed by the named test |
| HirExprKind.Lambda | supported | lower_ast | src/vitte/compiler/middle/hir/hir.vit | HIR expression surface construction or AST lowering | typeck, borrowck, MIR lowering | test_hir_expr_kind_surface_coverage | asserts the HIR surface is constructed or lowered and consumed by the named test |
| HirExprKind.Macro | supported | lower_ast | src/vitte/compiler/middle/hir/hir.vit | HIR expression surface construction or AST lowering | typeck, borrowck, MIR lowering | test_hir_expr_kind_surface_coverage | asserts the HIR surface is constructed or lowered and consumed by the named test |
| HirExprKind.Match | supported | lower_ast | src/vitte/compiler/middle/hir/hir.vit | HIR expression surface construction or AST lowering | typeck, borrowck, MIR lowering | test_hir_expr_kind_surface_coverage | asserts the HIR surface is constructed or lowered and consumed by the named test |
| HirExprKind.Member | supported | lower_ast | src/vitte/compiler/middle/hir/hir.vit | HIR expression surface construction or AST lowering | typeck, borrowck, MIR lowering | test_hir_expr_kind_surface_coverage | asserts the HIR surface is constructed or lowered and consumed by the named test |
| HirExprKind.Move | supported | lower_ast | src/vitte/compiler/middle/hir/hir.vit | HIR expression surface construction or AST lowering | typeck, borrowck, MIR lowering | test_hir_expr_kind_surface_coverage | asserts the HIR surface is constructed or lowered and consumed by the named test |
| HirExprKind.Name | supported | lower_ast | src/vitte/compiler/middle/hir/hir.vit | HIR expression surface construction or AST lowering | typeck, borrowck, MIR lowering | test_hir_expr_kind_surface_coverage | asserts the HIR surface is constructed or lowered and consumed by the named test |
| HirExprKind.Nameof | supported | lower_ast | src/vitte/compiler/middle/hir/hir.vit | HIR expression surface construction or AST lowering | typeck, borrowck, MIR lowering | test_hir_expr_kind_surface_coverage | asserts the HIR surface is constructed or lowered and consumed by the named test |
| HirExprKind.Offsetof | supported | lower_ast | src/vitte/compiler/middle/hir/hir.vit | HIR expression surface construction or AST lowering | typeck, borrowck, MIR lowering | test_hir_expr_kind_surface_coverage | asserts the HIR surface is constructed or lowered and consumed by the named test |
| HirExprKind.Path | supported | lower_ast | src/vitte/compiler/middle/hir/hir.vit | HIR expression surface construction or AST lowering | typeck, borrowck, MIR lowering | test_hir_expr_kind_surface_coverage | asserts the HIR surface is constructed or lowered and consumed by the named test |
| HirExprKind.Range | supported | lower_ast | src/vitte/compiler/middle/hir/hir.vit | HIR expression surface construction or AST lowering | typeck, borrowck, MIR lowering | test_hir_expr_kind_surface_coverage | asserts the HIR surface is constructed or lowered and consumed by the named test |
| HirExprKind.Resource | supported | lower_ast | src/vitte/compiler/middle/hir/hir.vit | HIR expression surface construction or AST lowering | typeck, borrowck, MIR lowering | test_hir_expr_kind_surface_coverage | asserts the HIR surface is constructed or lowered and consumed by the named test |
| HirExprKind.Sizeof | supported | lower_ast | src/vitte/compiler/middle/hir/hir.vit | HIR expression surface construction or AST lowering | typeck, borrowck, MIR lowering | test_hir_expr_kind_surface_coverage | asserts the HIR surface is constructed or lowered and consumed by the named test |
| HirExprKind.Slice | supported | lower_ast | src/vitte/compiler/middle/hir/hir.vit | HIR expression surface construction or AST lowering | typeck, borrowck, MIR lowering | test_hir_expr_kind_surface_coverage | asserts the HIR surface is constructed or lowered and consumed by the named test |
| HirExprKind.String | supported | lower_ast | src/vitte/compiler/middle/hir/hir.vit | HIR expression surface construction or AST lowering | typeck, borrowck, MIR lowering | test_hir_expr_kind_surface_coverage | asserts the HIR surface is constructed or lowered and consumed by the named test |
| HirExprKind.Struct | supported | lower_ast | src/vitte/compiler/middle/hir/hir.vit | HIR expression surface construction or AST lowering | typeck, borrowck, MIR lowering | test_hir_expr_kind_surface_coverage | asserts the HIR surface is constructed or lowered and consumed by the named test |
| HirExprKind.Try | supported | lower_ast | src/vitte/compiler/middle/hir/hir.vit | HIR expression surface construction or AST lowering | typeck, borrowck, MIR lowering | test_hir_expr_kind_surface_coverage | asserts the HIR surface is constructed or lowered and consumed by the named test |
| HirExprKind.Tuple | supported | lower_ast | src/vitte/compiler/middle/hir/hir.vit | HIR expression surface construction or AST lowering | typeck, borrowck, MIR lowering | test_hir_expr_kind_surface_coverage | asserts the HIR surface is constructed or lowered and consumed by the named test |
| HirExprKind.TupleIndex | supported | lower_ast | src/vitte/compiler/middle/hir/hir.vit | HIR expression surface construction or AST lowering | typeck, borrowck, MIR lowering | test_hir_expr_kind_surface_coverage | asserts the HIR surface is constructed or lowered and consumed by the named test |
| HirExprKind.Typeof | supported | lower_ast | src/vitte/compiler/middle/hir/hir.vit | HIR expression surface construction or AST lowering | typeck, borrowck, MIR lowering | test_hir_expr_kind_surface_coverage | asserts the HIR surface is constructed or lowered and consumed by the named test |
| HirExprKind.Unary | supported | lower_ast | src/vitte/compiler/middle/hir/hir.vit | HIR expression surface construction or AST lowering | typeck, borrowck, MIR lowering | test_hir_expr_kind_surface_coverage | asserts the HIR surface is constructed or lowered and consumed by the named test |
| HirExprKind.Unsafe | supported | lower_ast | src/vitte/compiler/middle/hir/hir.vit | HIR expression surface construction or AST lowering | typeck, borrowck, MIR lowering | test_hir_expr_kind_surface_coverage | asserts the HIR surface is constructed or lowered and consumed by the named test |
| HirExprKind.Yield | supported | lower_ast | src/vitte/compiler/middle/hir/hir.vit | HIR expression surface construction or AST lowering | typeck, borrowck, MIR lowering | test_hir_expr_kind_surface_coverage | asserts the HIR surface is constructed or lowered and consumed by the named test |
| HirStmtKind.Assert | supported | lower_ast | src/vitte/compiler/middle/hir/hir.vit | HIR statement surface construction or AST lowering | control-flow analysis, typeck, borrowck, MIR lowering | test_hir_stmt_kind_surface_coverage | asserts the HIR surface is constructed or lowered and consumed by the named test |
| HirStmtKind.Break | supported | lower_ast | src/vitte/compiler/middle/hir/hir.vit | HIR statement surface construction or AST lowering | control-flow analysis, typeck, borrowck, MIR lowering | test_hir_stmt_kind_surface_coverage | asserts the HIR surface is constructed or lowered and consumed by the named test |
| HirStmtKind.Const | supported | lower_ast | src/vitte/compiler/middle/hir/hir.vit | HIR statement surface construction or AST lowering | control-flow analysis, typeck, borrowck, MIR lowering | test_hir_stmt_kind_surface_coverage | asserts the HIR surface is constructed or lowered and consumed by the named test |
| HirStmtKind.Continue | supported | lower_ast | src/vitte/compiler/middle/hir/hir.vit | HIR statement surface construction or AST lowering | control-flow analysis, typeck, borrowck, MIR lowering | test_hir_stmt_kind_surface_coverage | asserts the HIR surface is constructed or lowered and consumed by the named test |
| HirStmtKind.Critical | supported | lower_ast | src/vitte/compiler/middle/hir/hir.vit | HIR statement surface construction or AST lowering | control-flow analysis, typeck, borrowck, MIR lowering | test_hir_stmt_kind_surface_coverage | asserts the HIR surface is constructed or lowered and consumed by the named test |
| HirStmtKind.Defer | supported | lower_ast | src/vitte/compiler/middle/hir/hir.vit | HIR statement surface construction or AST lowering | control-flow analysis, typeck, borrowck, MIR lowering | test_hir_stmt_kind_surface_coverage | asserts the HIR surface is constructed or lowered and consumed by the named test |
| HirStmtKind.Emit | supported | lower_ast | src/vitte/compiler/middle/hir/hir.vit | HIR statement surface construction or AST lowering | control-flow analysis, typeck, borrowck, MIR lowering | test_hir_stmt_kind_surface_coverage | asserts the HIR surface is constructed or lowered and consumed by the named test |
| HirStmtKind.ExprStmt | supported | lower_ast | src/vitte/compiler/middle/hir/hir.vit | HIR statement surface construction or AST lowering | control-flow analysis, typeck, borrowck, MIR lowering | test_hir_stmt_kind_surface_coverage | asserts the HIR surface is constructed or lowered and consumed by the named test |
| HirStmtKind.For | supported | lower_ast | src/vitte/compiler/middle/hir/hir.vit | HIR statement surface construction or AST lowering | control-flow analysis, typeck, borrowck, MIR lowering | test_hir_stmt_kind_surface_coverage | asserts the HIR surface is constructed or lowered and consumed by the named test |
| HirStmtKind.Give | supported | lower_ast | src/vitte/compiler/middle/hir/hir.vit | HIR statement surface construction or AST lowering | control-flow analysis, typeck, borrowck, MIR lowering | test_hir_stmt_kind_surface_coverage | asserts the HIR surface is constructed or lowered and consumed by the named test |
| HirStmtKind.If | supported | lower_ast | src/vitte/compiler/middle/hir/hir.vit | HIR statement surface construction or AST lowering | control-flow analysis, typeck, borrowck, MIR lowering | test_hir_stmt_kind_surface_coverage | asserts the HIR surface is constructed or lowered and consumed by the named test |
| HirStmtKind.Loop | supported | lower_ast | src/vitte/compiler/middle/hir/hir.vit | HIR statement surface construction or AST lowering | control-flow analysis, typeck, borrowck, MIR lowering | test_hir_stmt_kind_surface_coverage | asserts the HIR surface is constructed or lowered and consumed by the named test |
| HirStmtKind.Match | supported | lower_ast | src/vitte/compiler/middle/hir/hir.vit | HIR statement surface construction or AST lowering | control-flow analysis, typeck, borrowck, MIR lowering | test_hir_stmt_kind_surface_coverage | asserts the HIR surface is constructed or lowered and consumed by the named test |
| HirStmtKind.Panic | supported | lower_ast | src/vitte/compiler/middle/hir/hir.vit | HIR statement surface construction or AST lowering | control-flow analysis, typeck, borrowck, MIR lowering | test_hir_stmt_kind_surface_coverage | asserts the HIR surface is constructed or lowered and consumed by the named test |
| HirStmtKind.Select | supported | lower_ast | src/vitte/compiler/middle/hir/hir.vit | HIR statement surface construction or AST lowering | control-flow analysis, typeck, borrowck, MIR lowering | test_hir_stmt_kind_surface_coverage | asserts the HIR surface is constructed or lowered and consumed by the named test |
| HirStmtKind.Set | supported | lower_ast | src/vitte/compiler/middle/hir/hir.vit | HIR statement surface construction or AST lowering | control-flow analysis, typeck, borrowck, MIR lowering | test_hir_stmt_kind_surface_coverage | asserts the HIR surface is constructed or lowered and consumed by the named test |
| HirStmtKind.StaticAssert | supported | lower_ast | src/vitte/compiler/middle/hir/hir.vit | HIR statement surface construction or AST lowering | control-flow analysis, typeck, borrowck, MIR lowering | test_hir_stmt_kind_surface_coverage | asserts the HIR surface is constructed or lowered and consumed by the named test |
| HirStmtKind.Try | supported | lower_ast | src/vitte/compiler/middle/hir/hir.vit | HIR statement surface construction or AST lowering | control-flow analysis, typeck, borrowck, MIR lowering | test_hir_stmt_kind_surface_coverage | asserts the HIR surface is constructed or lowered and consumed by the named test |
| HirStmtKind.Unreachable | supported | lower_ast | src/vitte/compiler/middle/hir/hir.vit | HIR statement surface construction or AST lowering | control-flow analysis, typeck, borrowck, MIR lowering | test_hir_stmt_kind_surface_coverage | asserts the HIR surface is constructed or lowered and consumed by the named test |
| HirStmtKind.Unsafe | supported | lower_ast | src/vitte/compiler/middle/hir/hir.vit | HIR statement surface construction or AST lowering | control-flow analysis, typeck, borrowck, MIR lowering | test_hir_stmt_kind_surface_coverage | asserts the HIR surface is constructed or lowered and consumed by the named test |
| HirStmtKind.When | supported | lower_ast | src/vitte/compiler/middle/hir/hir.vit | HIR statement surface construction or AST lowering | control-flow analysis, typeck, borrowck, MIR lowering | test_hir_stmt_kind_surface_coverage | asserts the HIR surface is constructed or lowered and consumed by the named test |
| HirStmtKind.While | supported | lower_ast | src/vitte/compiler/middle/hir/hir.vit | HIR statement surface construction or AST lowering | control-flow analysis, typeck, borrowck, MIR lowering | test_hir_stmt_kind_surface_coverage | asserts the HIR surface is constructed or lowered and consumed by the named test |
| HirStmtKind.With | supported | lower_ast | src/vitte/compiler/middle/hir/hir.vit | HIR statement surface construction or AST lowering | control-flow analysis, typeck, borrowck, MIR lowering | test_hir_stmt_kind_surface_coverage | asserts the HIR surface is constructed or lowered and consumed by the named test |
| HirBindingKind.Local | supported | resolver | src/vitte/compiler/middle/hir/hir.vit | resolver binding classification | name resolution, typeck, borrowck | test_hir_binding_value_and_place_surface_coverage | asserts the HIR surface is constructed or lowered and consumed by the named test |
| HirBindingKind.Parameter | supported | resolver | src/vitte/compiler/middle/hir/hir.vit | resolver binding classification | name resolution, typeck, borrowck | test_hir_binding_value_and_place_surface_coverage | asserts the HIR surface is constructed or lowered and consumed by the named test |
| HirBindingKind.Capture | supported | resolver | src/vitte/compiler/middle/hir/hir.vit | resolver binding classification | name resolution, typeck, borrowck | test_hir_binding_value_and_place_surface_coverage | asserts the HIR surface is constructed or lowered and consumed by the named test |
| HirBindingKind.Global | supported | resolver | src/vitte/compiler/middle/hir/hir.vit | resolver binding classification | name resolution, typeck, borrowck | test_hir_binding_value_and_place_surface_coverage | asserts the HIR surface is constructed or lowered and consumed by the named test |
| HirBindingKind.Static | supported | resolver | src/vitte/compiler/middle/hir/hir.vit | resolver binding classification | name resolution, typeck, borrowck | test_hir_binding_value_and_place_surface_coverage | asserts the HIR surface is constructed or lowered and consumed by the named test |
| HirBindingKind.Proc | supported | resolver | src/vitte/compiler/middle/hir/hir.vit | resolver binding classification | name resolution, typeck, borrowck | test_hir_binding_value_and_place_surface_coverage | asserts the HIR surface is constructed or lowered and consumed by the named test |
| HirBindingKind.Type | supported | resolver | src/vitte/compiler/middle/hir/hir.vit | resolver binding classification | name resolution, typeck, borrowck | test_hir_binding_value_and_place_surface_coverage | asserts the HIR surface is constructed or lowered and consumed by the named test |
| HirBindingKind.Field | supported | resolver | src/vitte/compiler/middle/hir/hir.vit | resolver binding classification | name resolution, typeck, borrowck | test_hir_binding_value_and_place_surface_coverage | asserts the HIR surface is constructed or lowered and consumed by the named test |
| HirBindingKind.Variant | supported | resolver | src/vitte/compiler/middle/hir/hir.vit | resolver binding classification | name resolution, typeck, borrowck | test_hir_binding_value_and_place_surface_coverage | asserts the HIR surface is constructed or lowered and consumed by the named test |
| HirBindingKind.Module | supported | resolver | src/vitte/compiler/middle/hir/hir.vit | resolver binding classification | name resolution, typeck, borrowck | test_hir_binding_value_and_place_surface_coverage | asserts the HIR surface is constructed or lowered and consumed by the named test |
| HirBindingKind.Trait | supported | resolver | src/vitte/compiler/middle/hir/hir.vit | resolver binding classification | name resolution, typeck, borrowck | test_hir_binding_value_and_place_surface_coverage | asserts the HIR surface is constructed or lowered and consumed by the named test |
| HirBindingKind.Impl | supported | resolver | src/vitte/compiler/middle/hir/hir.vit | resolver binding classification | name resolution, typeck, borrowck | test_hir_binding_value_and_place_surface_coverage | asserts the HIR surface is constructed or lowered and consumed by the named test |
| HirValueMode.Value | supported | lower_ast | src/vitte/compiler/middle/hir/hir.vit | expression value-mode inference | typeck and borrow checking | test_hir_binding_value_and_place_surface_coverage | asserts the HIR surface is constructed or lowered and consumed by the named test |
| HirValueMode.Place | supported | lower_ast | src/vitte/compiler/middle/hir/hir.vit | expression value-mode inference | typeck and borrow checking | test_hir_binding_value_and_place_surface_coverage | asserts the HIR surface is constructed or lowered and consumed by the named test |
| HirValueMode.Move | supported | lower_ast | src/vitte/compiler/middle/hir/hir.vit | expression value-mode inference | typeck and borrow checking | test_hir_binding_value_and_place_surface_coverage | asserts the HIR surface is constructed or lowered and consumed by the named test |
| HirValueMode.Copy | supported | lower_ast | src/vitte/compiler/middle/hir/hir.vit | expression value-mode inference | typeck and borrow checking | test_hir_binding_value_and_place_surface_coverage | asserts the HIR surface is constructed or lowered and consumed by the named test |
| HirValueMode.BorrowShared | supported | lower_ast | src/vitte/compiler/middle/hir/hir.vit | expression value-mode inference | typeck and borrow checking | test_hir_binding_value_and_place_surface_coverage | asserts the HIR surface is constructed or lowered and consumed by the named test |
| HirValueMode.BorrowMut | supported | lower_ast | src/vitte/compiler/middle/hir/hir.vit | expression value-mode inference | typeck and borrow checking | test_hir_binding_value_and_place_surface_coverage | asserts the HIR surface is constructed or lowered and consumed by the named test |
| HirValueMode.Const | supported | lower_ast | src/vitte/compiler/middle/hir/hir.vit | expression value-mode inference | typeck and borrow checking | test_hir_binding_value_and_place_surface_coverage | asserts the HIR surface is constructed or lowered and consumed by the named test |
| HirValueMode.Invalid | supported | lower_ast | src/vitte/compiler/middle/hir/hir.vit | expression value-mode inference | typeck and borrow checking | test_hir_binding_value_and_place_surface_coverage | asserts the HIR surface is constructed or lowered and consumed by the named test |
| HirPlaceCategory.Value | supported | lower_ast | src/vitte/compiler/middle/hir/hir.vit | place category inference | borrow checking and assignment validation | test_hir_binding_value_and_place_surface_coverage | asserts the HIR surface is constructed or lowered and consumed by the named test |
| HirPlaceCategory.Local | supported | lower_ast | src/vitte/compiler/middle/hir/hir.vit | place category inference | borrow checking and assignment validation | test_hir_binding_value_and_place_surface_coverage | asserts the HIR surface is constructed or lowered and consumed by the named test |
| HirPlaceCategory.Global | supported | lower_ast | src/vitte/compiler/middle/hir/hir.vit | place category inference | borrow checking and assignment validation | test_hir_binding_value_and_place_surface_coverage | asserts the HIR surface is constructed or lowered and consumed by the named test |
| HirPlaceCategory.Field | supported | lower_ast | src/vitte/compiler/middle/hir/hir.vit | place category inference | borrow checking and assignment validation | test_hir_binding_value_and_place_surface_coverage | asserts the HIR surface is constructed or lowered and consumed by the named test |
| HirPlaceCategory.Index | supported | lower_ast | src/vitte/compiler/middle/hir/hir.vit | place category inference | borrow checking and assignment validation | test_hir_binding_value_and_place_surface_coverage | asserts the HIR surface is constructed or lowered and consumed by the named test |
| HirPlaceCategory.Deref | supported | lower_ast | src/vitte/compiler/middle/hir/hir.vit | place category inference | borrow checking and assignment validation | test_hir_binding_value_and_place_surface_coverage | asserts the HIR surface is constructed or lowered and consumed by the named test |
| HirPlaceCategory.Static | supported | lower_ast | src/vitte/compiler/middle/hir/hir.vit | place category inference | borrow checking and assignment validation | test_hir_binding_value_and_place_surface_coverage | asserts the HIR surface is constructed or lowered and consumed by the named test |
| HirPlaceCategory.Temporary | supported | lower_ast | src/vitte/compiler/middle/hir/hir.vit | place category inference | borrow checking and assignment validation | test_hir_binding_value_and_place_surface_coverage | asserts the HIR surface is constructed or lowered and consumed by the named test |
| HirPlaceCategory.Invalid | supported | lower_ast | src/vitte/compiler/middle/hir/hir.vit | place category inference | borrow checking and assignment validation | test_hir_binding_value_and_place_surface_coverage | asserts the HIR surface is constructed or lowered and consumed by the named test |
| HirSpan.item | supported | lower_ast | src/vitte/compiler/middle/hir/hir.vit | AST span propagation into HIR | diagnostics, LSP, snapshots | test_hir_span_surface_coverage | asserts source spans are preserved and non-synthetic |
| HirSpan.stmt | supported | lower_ast | src/vitte/compiler/middle/hir/hir.vit | AST span propagation into HIR | diagnostics, LSP, snapshots | test_hir_span_surface_coverage | asserts source spans are preserved and non-synthetic |
| HirSpan.expr | supported | lower_ast | src/vitte/compiler/middle/hir/hir.vit | AST span propagation into HIR | diagnostics, LSP, snapshots | test_hir_span_surface_coverage | asserts source spans are preserved and non-synthetic |
| HirSpan.param | supported | lower_ast | src/vitte/compiler/middle/hir/hir.vit | AST span propagation into HIR | diagnostics, LSP, snapshots | test_hir_span_surface_coverage | asserts source spans are preserved and non-synthetic |
| HirSpan.generic_param | supported | lower_ast | src/vitte/compiler/middle/hir/hir.vit | AST span propagation into HIR | diagnostics, LSP, snapshots | test_hir_span_surface_coverage | asserts source spans are preserved and non-synthetic |
| HirSpan.member | supported | lower_ast | src/vitte/compiler/middle/hir/hir.vit | AST span propagation into HIR | diagnostics, LSP, snapshots | test_hir_span_surface_coverage | asserts source spans are preserved and non-synthetic |
| HirSpan.not_synthetic | supported | lower_ast | src/vitte/compiler/middle/hir/hir.vit | AST span propagation into HIR | diagnostics, LSP, snapshots | test_hir_span_surface_coverage | asserts source spans are preserved and non-synthetic |
| HirInvalid.item | supported | lower_ast | src/vitte/compiler/middle/hir/validate.vit | HIR validator | diagnostics and recovery gates | test_hir_invalid_surface_diagnostics | asserts validate_hir emits structured diagnostics for malformed HIR |
| HirInvalid.stmt | supported | lower_ast | src/vitte/compiler/middle/hir/validate.vit | HIR validator | diagnostics and recovery gates | test_hir_invalid_surface_diagnostics | asserts validate_hir emits structured diagnostics for malformed HIR |
| HirInvalid.expr | supported | lower_ast | src/vitte/compiler/middle/hir/validate.vit | HIR validator | diagnostics and recovery gates | test_hir_invalid_surface_diagnostics | asserts validate_hir emits structured diagnostics for malformed HIR |
| HirInvalid.param | supported | lower_ast | src/vitte/compiler/middle/hir/validate.vit | HIR validator | diagnostics and recovery gates | test_hir_invalid_surface_diagnostics | asserts validate_hir emits structured diagnostics for malformed HIR |
| HirInvalid.member | supported | lower_ast | src/vitte/compiler/middle/hir/validate.vit | HIR validator | diagnostics and recovery gates | test_hir_invalid_surface_diagnostics | asserts validate_hir emits structured diagnostics for malformed HIR |
| HirInvalid.generic | supported | lower_ast | src/vitte/compiler/middle/hir/validate.vit | HIR validator | diagnostics and recovery gates | test_hir_invalid_surface_diagnostics | asserts validate_hir emits structured diagnostics for malformed HIR |
| HirDiagnostic.code | supported | lower_ast | src/vitte/compiler/middle/hir/validate.vit | HIR validator | diagnostics and recovery gates | test_hir_invalid_surface_diagnostics | asserts validate_hir emits structured diagnostics for malformed HIR |
| HirDiagnostic.severity | supported | lower_ast | src/vitte/compiler/middle/hir/validate.vit | HIR validator | diagnostics and recovery gates | test_hir_invalid_surface_diagnostics | asserts validate_hir emits structured diagnostics for malformed HIR |
| HirDiagnostic.message | supported | lower_ast | src/vitte/compiler/middle/hir/validate.vit | HIR validator | diagnostics and recovery gates | test_hir_invalid_surface_diagnostics | asserts validate_hir emits structured diagnostics for malformed HIR |
| HirDiagnostic.span | supported | lower_ast | src/vitte/compiler/middle/hir/validate.vit | HIR validator | diagnostics and recovery gates | test_hir_invalid_surface_diagnostics | asserts validate_hir emits structured diagnostics for malformed HIR |
| HirDiagnostic.note | supported | lower_ast | src/vitte/compiler/middle/hir/validate.vit | HIR validator | diagnostics and recovery gates | test_hir_invalid_surface_diagnostics | asserts validate_hir emits structured diagnostics for malformed HIR |
| HirRecovery.partial_frontend_error | supported | lower_ast | src/vitte/compiler/middle/hir/validate.vit | HIR validator | diagnostics and recovery gates | test_hir_recovery_partial_unit_after_frontend_error | asserts the HIR surface is constructed or lowered and consumed by the named test |
| HirBinding | supported | resolver | src/vitte/compiler/middle/hir/hir.vit | direct HIR surface constructor coverage | compiler tests and validation gates | test_hir_remaining_declared_surface_coverage | asserts the HIR surface is constructed or lowered and consumed by the named test |
| HirExpr | supported | lower_ast | src/vitte/compiler/middle/hir/hir.vit | direct HIR surface constructor coverage | compiler tests and validation gates | test_hir_remaining_declared_surface_coverage | asserts the HIR surface is constructed or lowered and consumed by the named test |
| HirExprKind.Invalid | supported | lower_ast | src/vitte/compiler/middle/hir/hir.vit | direct HIR surface constructor coverage | compiler tests and validation gates | test_hir_remaining_declared_surface_coverage | asserts the HIR surface is constructed or lowered and consumed by the named test |
| HirExprKind.Is | supported | lower_ast | src/vitte/compiler/middle/hir/hir.vit | direct HIR surface constructor coverage | compiler tests and validation gates | test_hir_remaining_declared_surface_coverage | asserts the HIR surface is constructed or lowered and consumed by the named test |
| HirExprKind.Unknown | supported | lower_ast | src/vitte/compiler/middle/hir/hir.vit | direct HIR surface constructor coverage | compiler tests and validation gates | test_hir_remaining_declared_surface_coverage | asserts the HIR surface is constructed or lowered and consumed by the named test |
| HirItem | supported | lower_ast | src/vitte/compiler/middle/hir/hir.vit | direct HIR surface constructor coverage | compiler tests and validation gates | test_hir_remaining_declared_surface_coverage | asserts the HIR surface is constructed or lowered and consumed by the named test |
| HirItemKind.Backend | supported | lower_ast | src/vitte/compiler/middle/hir/hir.vit | direct HIR surface constructor coverage | compiler tests and validation gates | test_hir_remaining_declared_surface_coverage | asserts the HIR surface is constructed or lowered and consumed by the named test |
| HirItemKind.Bench | supported | lower_ast | src/vitte/compiler/middle/hir/hir.vit | direct HIR surface constructor coverage | compiler tests and validation gates | test_hir_remaining_declared_surface_coverage | asserts the HIR surface is constructed or lowered and consumed by the named test |
| HirItemKind.Bits | supported | lower_ast | src/vitte/compiler/middle/hir/hir.vit | direct HIR surface constructor coverage | compiler tests and validation gates | test_hir_remaining_declared_surface_coverage | asserts the HIR surface is constructed or lowered and consumed by the named test |
| HirItemKind.Class | supported | lower_ast | src/vitte/compiler/middle/hir/hir.vit | direct HIR surface constructor coverage | compiler tests and validation gates | test_hir_remaining_declared_surface_coverage | asserts the HIR surface is constructed or lowered and consumed by the named test |
| HirItemKind.Compiler | supported | lower_ast | src/vitte/compiler/middle/hir/hir.vit | direct HIR surface constructor coverage | compiler tests and validation gates | test_hir_remaining_declared_surface_coverage | asserts the HIR surface is constructed or lowered and consumed by the named test |
| HirItemKind.Comptime | supported | lower_ast | src/vitte/compiler/middle/hir/hir.vit | direct HIR surface constructor coverage | compiler tests and validation gates | test_hir_remaining_declared_surface_coverage | asserts the HIR surface is constructed or lowered and consumed by the named test |
| HirItemKind.Diagnostic | supported | lower_ast | src/vitte/compiler/middle/hir/hir.vit | direct HIR surface constructor coverage | compiler tests and validation gates | test_hir_remaining_declared_surface_coverage | asserts the HIR surface is constructed or lowered and consumed by the named test |
| HirItemKind.Entry | supported | lower_ast | src/vitte/compiler/middle/hir/hir.vit | direct HIR surface constructor coverage | compiler tests and validation gates | test_hir_remaining_declared_surface_coverage | asserts the HIR surface is constructed or lowered and consumed by the named test |
| HirItemKind.Export | supported | lower_ast | src/vitte/compiler/middle/hir/hir.vit | direct HIR surface constructor coverage | compiler tests and validation gates | test_hir_remaining_declared_surface_coverage | asserts the HIR surface is constructed or lowered and consumed by the named test |
| HirItemKind.Flags | supported | lower_ast | src/vitte/compiler/middle/hir/hir.vit | direct HIR surface constructor coverage | compiler tests and validation gates | test_hir_remaining_declared_surface_coverage | asserts the HIR surface is constructed or lowered and consumed by the named test |
| HirItemKind.Global | supported | lower_ast | src/vitte/compiler/middle/hir/hir.vit | direct HIR surface constructor coverage | compiler tests and validation gates | test_hir_remaining_declared_surface_coverage | asserts the HIR surface is constructed or lowered and consumed by the named test |
| HirItemKind.Intrinsic | supported | lower_ast | src/vitte/compiler/middle/hir/hir.vit | direct HIR surface constructor coverage | compiler tests and validation gates | test_hir_remaining_declared_surface_coverage | asserts the HIR surface is constructed or lowered and consumed by the named test |
| HirItemKind.Macro | supported | lower_ast | src/vitte/compiler/middle/hir/hir.vit | direct HIR surface constructor coverage | compiler tests and validation gates | test_hir_remaining_declared_surface_coverage | asserts the HIR surface is constructed or lowered and consumed by the named test |
| HirItemKind.Opaque | supported | lower_ast | src/vitte/compiler/middle/hir/hir.vit | direct HIR surface constructor coverage | compiler tests and validation gates | test_hir_remaining_declared_surface_coverage | asserts the HIR surface is constructed or lowered and consumed by the named test |
| HirItemKind.Pass | supported | lower_ast | src/vitte/compiler/middle/hir/hir.vit | direct HIR surface constructor coverage | compiler tests and validation gates | test_hir_remaining_declared_surface_coverage | asserts the HIR surface is constructed or lowered and consumed by the named test |
| HirItemKind.Query | supported | lower_ast | src/vitte/compiler/middle/hir/hir.vit | direct HIR surface constructor coverage | compiler tests and validation gates | test_hir_remaining_declared_surface_coverage | asserts the HIR surface is constructed or lowered and consumed by the named test |
| HirItemKind.Region | supported | lower_ast | src/vitte/compiler/middle/hir/hir.vit | direct HIR surface constructor coverage | compiler tests and validation gates | test_hir_remaining_declared_surface_coverage | asserts the HIR surface is constructed or lowered and consumed by the named test |
| HirItemKind.StaticAssert | supported | lower_ast | src/vitte/compiler/middle/hir/hir.vit | direct HIR surface constructor coverage | compiler tests and validation gates | test_hir_remaining_declared_surface_coverage | asserts the HIR surface is constructed or lowered and consumed by the named test |
| HirItemKind.Test | supported | lower_ast | src/vitte/compiler/middle/hir/hir.vit | direct HIR surface constructor coverage | compiler tests and validation gates | test_hir_remaining_declared_surface_coverage | asserts the HIR surface is constructed or lowered and consumed by the named test |
| HirItemKind.Union | supported | lower_ast | src/vitte/compiler/middle/hir/hir.vit | direct HIR surface constructor coverage | compiler tests and validation gates | test_hir_remaining_declared_surface_coverage | asserts the HIR surface is constructed or lowered and consumed by the named test |
| HirItemKind.Unknown | supported | lower_ast | src/vitte/compiler/middle/hir/hir.vit | direct HIR surface constructor coverage | compiler tests and validation gates | test_hir_remaining_declared_surface_coverage | asserts the HIR surface is constructed or lowered and consumed by the named test |
| HirNominalMember | supported | lower_ast | src/vitte/compiler/middle/hir/hir.vit | direct HIR surface constructor coverage | compiler tests and validation gates | test_hir_remaining_declared_surface_coverage | asserts the HIR surface is constructed or lowered and consumed by the named test |
| HirNominalMemberKind.Field | supported | lower_ast | src/vitte/compiler/middle/hir/hir.vit | direct HIR surface constructor coverage | compiler tests and validation gates | test_hir_remaining_declared_surface_coverage | asserts the HIR surface is constructed or lowered and consumed by the named test |
| HirNominalMemberKind.TraitMethod | supported | lower_ast | src/vitte/compiler/middle/hir/hir.vit | direct HIR surface constructor coverage | compiler tests and validation gates | test_hir_remaining_declared_surface_coverage | asserts the HIR surface is constructed or lowered and consumed by the named test |
| HirNominalMemberKind.Unknown | supported | lower_ast | src/vitte/compiler/middle/hir/hir.vit | direct HIR surface constructor coverage | compiler tests and validation gates | test_hir_remaining_declared_surface_coverage | asserts the HIR surface is constructed or lowered and consumed by the named test |
| HirNominalMemberKind.Variant | supported | lower_ast | src/vitte/compiler/middle/hir/hir.vit | direct HIR surface constructor coverage | compiler tests and validation gates | test_hir_remaining_declared_surface_coverage | asserts the HIR surface is constructed or lowered and consumed by the named test |
| HirProcParam | supported | lower_ast | src/vitte/compiler/middle/hir/hir.vit | direct HIR surface constructor coverage | compiler tests and validation gates | test_hir_remaining_declared_surface_coverage | asserts the HIR surface is constructed or lowered and consumed by the named test |
| HirStmt | supported | lower_ast | src/vitte/compiler/middle/hir/hir.vit | direct HIR surface constructor coverage | compiler tests and validation gates | test_hir_remaining_declared_surface_coverage | asserts the HIR surface is constructed or lowered and consumed by the named test |
| HirStmtKind.Asm | supported | lower_ast | src/vitte/compiler/middle/hir/hir.vit | direct HIR surface constructor coverage | compiler tests and validation gates | test_hir_remaining_declared_surface_coverage | asserts the HIR surface is constructed or lowered and consumed by the named test |
| HirStmtKind.Unknown | supported | lower_ast | src/vitte/compiler/middle/hir/hir.vit | direct HIR surface constructor coverage | compiler tests and validation gates | test_hir_remaining_declared_surface_coverage | asserts the HIR surface is constructed or lowered and consumed by the named test |
| HirTypeInfo | supported | lower_ast | src/vitte/compiler/middle/hir/hir.vit | direct HIR surface constructor coverage | compiler tests and validation gates | test_hir_remaining_declared_surface_coverage | asserts the HIR surface is constructed or lowered and consumed by the named test |
| HirUnit | supported | lower_ast | src/vitte/compiler/middle/hir/hir.vit | direct HIR surface constructor coverage | compiler tests and validation gates | test_hir_remaining_declared_surface_coverage | asserts the HIR surface is constructed or lowered and consumed by the named test |
| SemanticDiagnostic | supported | lower_ast | src/vitte/compiler/middle/hir/hir.vit | direct HIR surface constructor coverage | compiler tests and validation gates | test_hir_remaining_declared_surface_coverage | asserts the HIR surface is constructed or lowered and consumed by the named test |
| HirBindingKind.Unknown | supported | resolver | src/vitte/compiler/middle/hir/hir.vit | direct HIR surface constructor coverage | compiler tests and validation gates | test_hir_remaining_declared_surface_coverage | asserts the HIR surface is constructed or lowered and consumed by the named test |
| HirOrder.items | supported | lower_ast | src/vitte/compiler/tests/hir_coverage_manifest.json | HIR coverage gate and regression suite | CI coverage report and compiler regression tests | test_hir_stable_order_coverage | asserts stable HIR item, statement, and child-expression ordering |
| HirOrder.statements | supported | lower_ast | src/vitte/compiler/tests/hir_coverage_manifest.json | HIR coverage gate and regression suite | CI coverage report and compiler regression tests | test_hir_stable_order_coverage | asserts stable HIR item, statement, and child-expression ordering |
| HirOrder.expr_children | supported | lower_ast | src/vitte/compiler/tests/hir_coverage_manifest.json | HIR coverage gate and regression suite | CI coverage report and compiler regression tests | test_hir_stable_order_coverage | asserts stable HIR item, statement, and child-expression ordering |
| HirLinks.resolved_id | supported | resolver | src/vitte/compiler/tests/hir_coverage_manifest.json | HIR coverage gate and regression suite | CI coverage report and compiler regression tests | test_hir_decl_use_links_coverage, test_hir_multifile_and_import_cycle_coverage | asserts resolved_id, resolved_kind, binding, and target_binding after sema |
| HirLinks.resolved_kind | supported | resolver | src/vitte/compiler/tests/hir_coverage_manifest.json | HIR coverage gate and regression suite | CI coverage report and compiler regression tests | test_hir_decl_use_links_coverage, test_hir_multifile_and_import_cycle_coverage | asserts resolved_id, resolved_kind, binding, and target_binding after sema |
| HirLinks.binding | supported | resolver | src/vitte/compiler/tests/hir_coverage_manifest.json | HIR coverage gate and regression suite | CI coverage report and compiler regression tests | test_hir_decl_use_links_coverage | asserts resolved_id, resolved_kind, binding, and target_binding after sema |
| HirLinks.target_binding | supported | resolver | src/vitte/compiler/tests/hir_coverage_manifest.json | HIR coverage gate and regression suite | CI coverage report and compiler regression tests | test_hir_decl_use_links_coverage | asserts resolved_id, resolved_kind, binding, and target_binding after sema |
| HirImport.absolute | supported | resolver | src/vitte/compiler/tests/hir_coverage_manifest.json | HIR coverage gate and regression suite | CI coverage report and compiler regression tests | test_hir_precise_import_coverage | asserts HIR import item text and module-set resolver behavior |
| HirImport.renamed | supported | resolver | src/vitte/compiler/tests/hir_coverage_manifest.json | HIR coverage gate and regression suite | CI coverage report and compiler regression tests | test_hir_precise_import_coverage | asserts HIR import item text and module-set resolver behavior |
| HirImport.grouped | supported | resolver | src/vitte/compiler/tests/hir_coverage_manifest.json | HIR coverage gate and regression suite | CI coverage report and compiler regression tests | test_hir_precise_import_coverage | asserts HIR import item text and module-set resolver behavior |
| HirImport.glob | supported | resolver | src/vitte/compiler/tests/hir_coverage_manifest.json | HIR coverage gate and regression suite | CI coverage report and compiler regression tests | test_hir_precise_import_coverage | asserts HIR import item text and module-set resolver behavior |
| HirImport.relative.planned | planned | resolver | src/vitte/compiler/tests/hir_coverage_manifest.json | HIR coverage gate and regression suite | CI coverage report and compiler regression tests | test_hir_precise_import_coverage | relative import syntax is tracked but not required until supported by parser/resolver |
| HirImportCycle.diagnostic | supported | resolver | src/vitte/compiler/tests/hir_coverage_manifest.json | HIR coverage gate and regression suite | CI coverage report and compiler regression tests | test_hir_multifile_and_import_cycle_coverage | asserts HIR import item text and module-set resolver behavior |
| HirMultifile.real | supported | resolver | src/vitte/compiler/tests/hir_coverage_manifest.json | HIR coverage gate and regression suite | CI coverage report and compiler regression tests | test_hir_multifile_and_import_cycle_coverage | asserts the HIR surface is constructed or lowered and consumed by the named test |
| HirSnapshot.json | supported | lower_ast | src/vitte/compiler/tests/hir_coverage_manifest.json | HIR coverage gate and regression suite | CI coverage report and compiler regression tests | test_hir_stable_order_coverage | asserts generated JSON and compact snapshots match checked-in snapshots |
| HirSnapshot.compact | supported | lower_ast | src/vitte/compiler/tests/hir_coverage_manifest.json | HIR coverage gate and regression suite | CI coverage report and compiler regression tests | test_hir_stable_order_coverage | asserts generated JSON and compact snapshots match checked-in snapshots |
| HirCoverage.strict_manifest_gate | supported | lower_ast | src/vitte/compiler/tests/hir_coverage_manifest.json | HIR coverage gate and regression suite | CI coverage report and compiler regression tests | test_hir_remaining_declared_surface_coverage | asserts every declared HIR variant has a manifest entry |
| HirToMir.fixture_nodes_survive | supported | mir | src/vitte/compiler/middle/lower/hir_to_mir.vit | HIR to MIR lowering | MIR validation and backend lowering | test_hir_to_mir_fixture_nodes_survive | asserts HIR fixture functions, blocks, and instructions survive lower_hir_to_mir |

## Uncovered Variants

