{
  "coverage_table": [
    {
      "consumer": "mir-gate",
      "covered": true,
      "evidence": {
        "assertion": "MirBuilderBlock is covered by MIR fixture presence",
        "tests": [
          "mir-fixtures"
        ]
      },
      "owner_phase": "mir",
      "producer": "builder",
      "source": "src/vitte/compiler/middle/mir/builder.vit",
      "support_status": "planned",
      "surface": "builder.MirBuilderBlock",
      "tests": [
        "mir-fixtures"
      ]
    },
    {
      "consumer": "mir-gate",
      "covered": true,
      "evidence": {
        "assertion": "MirBuilderContext is covered by test_mir_builder_helpers_are_covered",
        "tests": [
          "test_mir_builder_helpers_are_covered"
        ]
      },
      "owner_phase": "mir",
      "producer": "builder",
      "source": "src/vitte/compiler/middle/mir/builder.vit",
      "support_status": "supported",
      "surface": "builder.MirBuilderContext",
      "tests": [
        "test_mir_builder_helpers_are_covered"
      ]
    },
    {
      "consumer": "mir-gate",
      "covered": true,
      "evidence": {
        "assertion": "MirBuilderPhase is covered by test_mir_builder_helpers_are_covered",
        "tests": [
          "test_mir_builder_helpers_are_covered"
        ]
      },
      "owner_phase": "mir",
      "producer": "builder",
      "source": "src/vitte/compiler/middle/mir/builder.vit",
      "support_status": "supported",
      "surface": "builder.MirBuilderPhase",
      "tests": [
        "test_mir_builder_helpers_are_covered"
      ]
    },
    {
      "consumer": "mir-gate",
      "covered": true,
      "evidence": {
        "assertion": "MirBuilderValue is covered by test_mir_builder_helpers_are_covered",
        "tests": [
          "test_mir_builder_helpers_are_covered"
        ]
      },
      "owner_phase": "mir",
      "producer": "builder",
      "source": "src/vitte/compiler/middle/mir/builder.vit",
      "support_status": "supported",
      "surface": "builder.MirBuilderValue",
      "tests": [
        "test_mir_builder_helpers_are_covered"
      ]
    },
    {
      "consumer": "mir-gate",
      "covered": true,
      "evidence": {
        "assertion": "MirBuilderValueKind is covered by test_mir_builder_helpers_are_covered",
        "tests": [
          "test_mir_builder_helpers_are_covered"
        ]
      },
      "owner_phase": "mir",
      "producer": "builder",
      "source": "src/vitte/compiler/middle/mir/builder.vit",
      "support_status": "supported",
      "surface": "builder.MirBuilderValueKind",
      "tests": [
        "test_mir_builder_helpers_are_covered"
      ]
    },
    {
      "consumer": "mir-gate",
      "covered": true,
      "evidence": {
        "assertion": "DataflowBlockState is covered by MIR fixture presence",
        "tests": [
          "mir-fixtures"
        ]
      },
      "owner_phase": "mir_validate",
      "producer": "dataflow",
      "source": "src/vitte/compiler/middle/mir/dataflow.vit",
      "support_status": "planned",
      "surface": "dataflow.DataflowBlockState",
      "tests": [
        "mir-fixtures"
      ]
    },
    {
      "consumer": "mir-gate",
      "covered": true,
      "evidence": {
        "assertion": "DataflowDirection is covered by test_mir_dataflow_helpers_are_covered",
        "tests": [
          "test_mir_dataflow_helpers_are_covered"
        ]
      },
      "owner_phase": "mir_validate",
      "producer": "dataflow",
      "source": "src/vitte/compiler/middle/mir/dataflow.vit",
      "support_status": "supported",
      "surface": "dataflow.DataflowDirection",
      "tests": [
        "test_mir_dataflow_helpers_are_covered"
      ]
    },
    {
      "consumer": "mir-gate",
      "covered": true,
      "evidence": {
        "assertion": "DataflowFact is covered by test_mir_dataflow_helpers_are_covered",
        "tests": [
          "test_mir_dataflow_helpers_are_covered"
        ]
      },
      "owner_phase": "mir_validate",
      "producer": "dataflow",
      "source": "src/vitte/compiler/middle/mir/dataflow.vit",
      "support_status": "supported",
      "surface": "dataflow.DataflowFact",
      "tests": [
        "test_mir_dataflow_helpers_are_covered"
      ]
    },
    {
      "consumer": "mir-gate",
      "covered": true,
      "evidence": {
        "assertion": "DataflowFactKind is covered by test_mir_dataflow_helpers_are_covered",
        "tests": [
          "test_mir_dataflow_helpers_are_covered"
        ]
      },
      "owner_phase": "mir_validate",
      "producer": "dataflow",
      "source": "src/vitte/compiler/middle/mir/dataflow.vit",
      "support_status": "supported",
      "surface": "dataflow.DataflowFactKind",
      "tests": [
        "test_mir_dataflow_helpers_are_covered"
      ]
    },
    {
      "consumer": "mir-gate",
      "covered": true,
      "evidence": {
        "assertion": "DataflowResult is covered by test_mir_dataflow_helpers_are_covered",
        "tests": [
          "test_mir_dataflow_helpers_are_covered"
        ]
      },
      "owner_phase": "mir_validate",
      "producer": "dataflow",
      "source": "src/vitte/compiler/middle/mir/dataflow.vit",
      "support_status": "supported",
      "surface": "dataflow.DataflowResult",
      "tests": [
        "test_mir_dataflow_helpers_are_covered"
      ]
    },
    {
      "consumer": "mir-gate",
      "covered": true,
      "evidence": {
        "assertion": "DataflowStateKind is covered by test_mir_dataflow_helpers_are_covered",
        "tests": [
          "test_mir_dataflow_helpers_are_covered"
        ]
      },
      "owner_phase": "mir_validate",
      "producer": "dataflow",
      "source": "src/vitte/compiler/middle/mir/dataflow.vit",
      "support_status": "supported",
      "surface": "dataflow.DataflowStateKind",
      "tests": [
        "test_mir_dataflow_helpers_are_covered"
      ]
    },
    {
      "consumer": "mir-gate",
      "covered": true,
      "evidence": {
        "assertion": "DataflowSummary is covered by test_mir_dataflow_helpers_are_covered",
        "tests": [
          "test_mir_dataflow_helpers_are_covered"
        ]
      },
      "owner_phase": "mir_validate",
      "producer": "dataflow",
      "source": "src/vitte/compiler/middle/mir/dataflow.vit",
      "support_status": "supported",
      "surface": "dataflow.DataflowSummary",
      "tests": [
        "test_mir_dataflow_helpers_are_covered"
      ]
    },
    {
      "consumer": "mir-gate",
      "covered": true,
      "evidence": {
        "assertion": "DataflowValue is covered by MIR fixture presence",
        "tests": [
          "mir-fixtures"
        ]
      },
      "owner_phase": "mir_validate",
      "producer": "dataflow",
      "source": "src/vitte/compiler/middle/mir/dataflow.vit",
      "support_status": "planned",
      "surface": "dataflow.DataflowValue",
      "tests": [
        "mir-fixtures"
      ]
    },
    {
      "consumer": "mir-gate",
      "covered": true,
      "evidence": {
        "assertion": "MirBinaryOperator is covered by test_mir_preserves_binary_and_unary_operators",
        "tests": [
          "test_mir_preserves_binary_and_unary_operators"
        ]
      },
      "owner_phase": "mir",
      "producer": "mir",
      "source": "src/vitte/compiler/middle/mir/mir.vit",
      "support_status": "supported",
      "surface": "mir.MirBinaryOperator",
      "tests": [
        "test_mir_preserves_binary_and_unary_operators"
      ]
    },
    {
      "consumer": "mir-gate",
      "covered": true,
      "evidence": {
        "assertion": "MirBlock is covered by test_mir_cfg_if_while",
        "tests": [
          "test_mir_cfg_if_while"
        ]
      },
      "owner_phase": "mir",
      "producer": "mir",
      "source": "src/vitte/compiler/middle/mir/mir.vit",
      "support_status": "supported",
      "surface": "mir.MirBlock",
      "tests": [
        "test_mir_cfg_if_while"
      ]
    },
    {
      "consumer": "mir-gate",
      "covered": true,
      "evidence": {
        "assertion": "MirBorrowKind is covered by test_validate_mir_rejects_borrow_with_wrong_arity",
        "tests": [
          "test_validate_mir_rejects_borrow_with_wrong_arity"
        ]
      },
      "owner_phase": "mir",
      "producer": "mir",
      "source": "src/vitte/compiler/middle/mir/mir.vit",
      "support_status": "supported",
      "surface": "mir.MirBorrowKind",
      "tests": [
        "test_validate_mir_rejects_borrow_with_wrong_arity"
      ]
    },
    {
      "consumer": "mir-gate",
      "covered": true,
      "evidence": {
        "assertion": "MirFunction is covered by test_mir_lowering",
        "tests": [
          "test_mir_lowering"
        ]
      },
      "owner_phase": "mir",
      "producer": "mir",
      "source": "src/vitte/compiler/middle/mir/mir.vit",
      "support_status": "supported",
      "surface": "mir.MirFunction",
      "tests": [
        "test_mir_lowering"
      ]
    },
    {
      "consumer": "mir-gate",
      "covered": true,
      "evidence": {
        "assertion": "MirFunctionParam is covered by test_mir_preserves_proc_params_for_regular_functions",
        "tests": [
          "test_mir_preserves_proc_params_for_regular_functions"
        ]
      },
      "owner_phase": "mir",
      "producer": "mir",
      "source": "src/vitte/compiler/middle/mir/mir.vit",
      "support_status": "supported",
      "surface": "mir.MirFunctionParam",
      "tests": [
        "test_mir_preserves_proc_params_for_regular_functions"
      ]
    },
    {
      "consumer": "mir-gate",
      "covered": true,
      "evidence": {
        "assertion": "MirModule is covered by test_mir_lowering",
        "tests": [
          "test_mir_lowering"
        ]
      },
      "owner_phase": "mir",
      "producer": "mir",
      "source": "src/vitte/compiler/middle/mir/mir.vit",
      "support_status": "supported",
      "surface": "mir.MirModule",
      "tests": [
        "test_mir_lowering"
      ]
    },
    {
      "consumer": "mir-gate",
      "covered": true,
      "evidence": {
        "assertion": "MirOperand is covered by test_mir_materializes_nested_generic_call_arguments",
        "tests": [
          "test_mir_materializes_nested_generic_call_arguments"
        ]
      },
      "owner_phase": "mir",
      "producer": "mir",
      "source": "src/vitte/compiler/middle/mir/mir.vit",
      "support_status": "supported",
      "surface": "mir.MirOperand",
      "tests": [
        "test_mir_materializes_nested_generic_call_arguments"
      ]
    },
    {
      "consumer": "mir-gate",
      "covered": true,
      "evidence": {
        "assertion": "MirPlace is covered by test_mir_preserves_projected_place",
        "tests": [
          "test_mir_preserves_projected_place"
        ]
      },
      "owner_phase": "mir",
      "producer": "mir",
      "source": "src/vitte/compiler/middle/mir/mir.vit",
      "support_status": "supported",
      "surface": "mir.MirPlace",
      "tests": [
        "test_mir_preserves_projected_place"
      ]
    },
    {
      "consumer": "mir-gate",
      "covered": true,
      "evidence": {
        "assertion": "MirRvalue is covered by test_mir_preserves_binary_and_unary_operators",
        "tests": [
          "test_mir_preserves_binary_and_unary_operators"
        ]
      },
      "owner_phase": "mir",
      "producer": "mir",
      "source": "src/vitte/compiler/middle/mir/mir.vit",
      "support_status": "supported",
      "surface": "mir.MirRvalue",
      "tests": [
        "test_mir_preserves_binary_and_unary_operators"
      ]
    },
    {
      "consumer": "mir-gate",
      "covered": true,
      "evidence": {
        "assertion": "MirRvalueKind is covered by test_mir_preserves_binary_and_unary_operators",
        "tests": [
          "test_mir_preserves_binary_and_unary_operators"
        ]
      },
      "owner_phase": "mir",
      "producer": "mir",
      "source": "src/vitte/compiler/middle/mir/mir.vit",
      "support_status": "supported",
      "surface": "mir.MirRvalueKind",
      "tests": [
        "test_mir_preserves_binary_and_unary_operators"
      ]
    },
    {
      "consumer": "mir-gate",
      "covered": true,
      "evidence": {
        "assertion": "MirStatement is covered by test_mir_lowering",
        "tests": [
          "test_mir_lowering"
        ]
      },
      "owner_phase": "mir",
      "producer": "mir",
      "source": "src/vitte/compiler/middle/mir/mir.vit",
      "support_status": "supported",
      "surface": "mir.MirStatement",
      "tests": [
        "test_mir_lowering"
      ]
    },
    {
      "consumer": "mir-gate",
      "covered": true,
      "evidence": {
        "assertion": "MirStatementKind is covered by test_mir_lowering",
        "tests": [
          "test_mir_lowering"
        ]
      },
      "owner_phase": "mir",
      "producer": "mir",
      "source": "src/vitte/compiler/middle/mir/mir.vit",
      "support_status": "supported",
      "surface": "mir.MirStatementKind",
      "tests": [
        "test_mir_lowering"
      ]
    },
    {
      "consumer": "mir-gate",
      "covered": true,
      "evidence": {
        "assertion": "MirTerminator is covered by test_mir_cfg_if_while",
        "tests": [
          "test_mir_cfg_if_while"
        ]
      },
      "owner_phase": "mir",
      "producer": "mir",
      "source": "src/vitte/compiler/middle/mir/mir.vit",
      "support_status": "supported",
      "surface": "mir.MirTerminator",
      "tests": [
        "test_mir_cfg_if_while"
      ]
    },
    {
      "consumer": "mir-gate",
      "covered": true,
      "evidence": {
        "assertion": "MirTerminatorKind is covered by test_mir_cfg_if_while",
        "tests": [
          "test_mir_cfg_if_while"
        ]
      },
      "owner_phase": "mir",
      "producer": "mir",
      "source": "src/vitte/compiler/middle/mir/mir.vit",
      "support_status": "supported",
      "surface": "mir.MirTerminatorKind",
      "tests": [
        "test_mir_cfg_if_while"
      ]
    },
    {
      "consumer": "mir-gate",
      "covered": true,
      "evidence": {
        "assertion": "MirUnaryOperator is covered by test_mir_preserves_binary_and_unary_operators",
        "tests": [
          "test_mir_preserves_binary_and_unary_operators"
        ]
      },
      "owner_phase": "mir",
      "producer": "mir",
      "source": "src/vitte/compiler/middle/mir/mir.vit",
      "support_status": "supported",
      "surface": "mir.MirUnaryOperator",
      "tests": [
        "test_mir_preserves_binary_and_unary_operators"
      ]
    },
    {
      "consumer": "mir-gate",
      "covered": true,
      "evidence": {
        "assertion": "MirUnit is covered by test_mir_lowering",
        "tests": [
          "test_mir_lowering"
        ]
      },
      "owner_phase": "mir",
      "producer": "mir",
      "source": "src/vitte/compiler/middle/mir/mir.vit",
      "support_status": "supported",
      "surface": "mir.MirUnit",
      "tests": [
        "test_mir_lowering"
      ]
    },
    {
      "consumer": "mir-gate",
      "covered": true,
      "evidence": {
        "assertion": "MirGenericInstance is covered by MIR fixture presence",
        "tests": [
          "mir-fixtures"
        ]
      },
      "owner_phase": "lower_hir",
      "producer": "monomorphize",
      "source": "src/vitte/compiler/middle/mir/monomorphize.vit",
      "support_status": "planned",
      "surface": "monomorphize.MirGenericInstance",
      "tests": [
        "mir-fixtures"
      ]
    },
    {
      "consumer": "mir-gate",
      "covered": true,
      "evidence": {
        "assertion": "MirGenericInstanceSet is covered by MIR fixture presence",
        "tests": [
          "mir-fixtures"
        ]
      },
      "owner_phase": "lower_hir",
      "producer": "monomorphize",
      "source": "src/vitte/compiler/middle/mir/monomorphize.vit",
      "support_status": "planned",
      "surface": "monomorphize.MirGenericInstanceSet",
      "tests": [
        "mir-fixtures"
      ]
    },
    {
      "consumer": "mir-gate",
      "covered": true,
      "evidence": {
        "assertion": "MirConstantFoldResult is covered by MIR fixture presence",
        "tests": [
          "mir-fixtures"
        ]
      },
      "owner_phase": "mir_transform",
      "producer": "transform",
      "source": "src/vitte/compiler/middle/mir/transform.vit",
      "support_status": "planned",
      "surface": "transform.MirConstantFoldResult",
      "tests": [
        "mir-fixtures"
      ]
    },
    {
      "consumer": "mir-gate",
      "covered": true,
      "evidence": {
        "assertion": "MirIntegerRange is covered by MIR fixture presence",
        "tests": [
          "mir-fixtures"
        ]
      },
      "owner_phase": "mir_transform",
      "producer": "transform",
      "source": "src/vitte/compiler/middle/mir/transform.vit",
      "support_status": "planned",
      "surface": "transform.MirIntegerRange",
      "tests": [
        "mir-fixtures"
      ]
    },
    {
      "consumer": "mir-gate",
      "covered": true,
      "evidence": {
        "assertion": "MirTransformKind is covered by test_mir_transform_helpers_are_covered",
        "tests": [
          "test_mir_transform_helpers_are_covered"
        ]
      },
      "owner_phase": "mir_transform",
      "producer": "transform",
      "source": "src/vitte/compiler/middle/mir/transform.vit",
      "support_status": "supported",
      "surface": "transform.MirTransformKind",
      "tests": [
        "test_mir_transform_helpers_are_covered"
      ]
    },
    {
      "consumer": "mir-gate",
      "covered": true,
      "evidence": {
        "assertion": "MirTransformReport is covered by test_mir_transform_helpers_are_covered",
        "tests": [
          "test_mir_transform_helpers_are_covered"
        ]
      },
      "owner_phase": "mir_transform",
      "producer": "transform",
      "source": "src/vitte/compiler/middle/mir/transform.vit",
      "support_status": "supported",
      "surface": "transform.MirTransformReport",
      "tests": [
        "test_mir_transform_helpers_are_covered"
      ]
    },
    {
      "consumer": "mir-gate",
      "covered": true,
      "evidence": {
        "assertion": "MirTransformResultKind is covered by test_mir_transform_helpers_are_covered",
        "tests": [
          "test_mir_transform_helpers_are_covered"
        ]
      },
      "owner_phase": "mir_transform",
      "producer": "transform",
      "source": "src/vitte/compiler/middle/mir/transform.vit",
      "support_status": "supported",
      "surface": "transform.MirTransformResultKind",
      "tests": [
        "test_mir_transform_helpers_are_covered"
      ]
    },
    {
      "consumer": "mir-gate",
      "covered": true,
      "evidence": {
        "assertion": "MirTransformStats is covered by MIR fixture presence",
        "tests": [
          "mir-fixtures"
        ]
      },
      "owner_phase": "mir_transform",
      "producer": "transform",
      "source": "src/vitte/compiler/middle/mir/transform.vit",
      "support_status": "planned",
      "surface": "transform.MirTransformStats",
      "tests": [
        "mir-fixtures"
      ]
    },
    {
      "consumer": "mir-gate",
      "covered": true,
      "evidence": {
        "assertion": "MirTransformStep is covered by MIR fixture presence",
        "tests": [
          "mir-fixtures"
        ]
      },
      "owner_phase": "mir_transform",
      "producer": "transform",
      "source": "src/vitte/compiler/middle/mir/transform.vit",
      "support_status": "planned",
      "surface": "transform.MirTransformStep",
      "tests": [
        "mir-fixtures"
      ]
    }
  ],
  "covered_surface_count": 38,
  "declared_surface_count": 38,
  "manifest_entry_count": 38,
  "schema": "vitte.compiler.mir_coverage",
  "schema_version": "1.0.0",
  "stale_surfaces": [],
  "status_totals": {
    "hir_only": 0,
    "mir_only": 0,
    "not_supported": 0,
    "planned": 9,
    "supported": 29
  },
  "supported_covered": 29,
  "supported_total": 29,
  "uncovered_surfaces": []
}
