ir[IR0048]: IR_E_MACRO_RECURSION
fixture: tests/diagnostics/catalog/sources/ir/IR0048.vit
span: tests/diagnostics/catalog/sources/ir/IR0048.vit:1:1
notes: catalog diagnostic carries contextual notes
suggestions: catalog diagnostic carries correction guidance
no_parasitic_diagnostics: true
stable_order: true
recovery: true
asserts: code, title, span, notes, suggestions, no_parasitic_diagnostics, stable_order, recovery
status: complete
